Archive member included to satisfy reference by file (symbol)

/opt/Atollic_TrueSTUDIO_for_STM32_x86_64_9.3.0/ARMTools/bin/../lib/gcc/arm-atollic-eabi/6.3.1/../../../../arm-atollic-eabi/lib/armv7e-m/fpu/libc_nano.a(lib_a-errno.o)
                              Src/syscalls.o (__errno)
/opt/Atollic_TrueSTUDIO_for_STM32_x86_64_9.3.0/ARMTools/bin/../lib/gcc/arm-atollic-eabi/6.3.1/../../../../arm-atollic-eabi/lib/armv7e-m/fpu/libc_nano.a(lib_a-impure.o)
                              /opt/Atollic_TrueSTUDIO_for_STM32_x86_64_9.3.0/ARMTools/bin/../lib/gcc/arm-atollic-eabi/6.3.1/../../../../arm-atollic-eabi/lib/armv7e-m/fpu/libc_nano.a(lib_a-errno.o) (_impure_ptr)
/opt/Atollic_TrueSTUDIO_for_STM32_x86_64_9.3.0/ARMTools/bin/../lib/gcc/arm-atollic-eabi/6.3.1/../../../../arm-atollic-eabi/lib/armv7e-m/fpu/libc_nano.a(lib_a-init.o)
                              startup/startup_stm32f429xx.o (__libc_init_array)
/opt/Atollic_TrueSTUDIO_for_STM32_x86_64_9.3.0/ARMTools/bin/../lib/gcc/arm-atollic-eabi/6.3.1/../../../../arm-atollic-eabi/lib/armv7e-m/fpu/libc_nano.a(lib_a-memcpy-stub.o)
                              Middlewares/Third_Party/FreeRTOS/Source/queue.o (memcpy)
/opt/Atollic_TrueSTUDIO_for_STM32_x86_64_9.3.0/ARMTools/bin/../lib/gcc/arm-atollic-eabi/6.3.1/../../../../arm-atollic-eabi/lib/armv7e-m/fpu/libc_nano.a(lib_a-memset.o)
                              Middlewares/Third_Party/FreeRTOS/Source/stream_buffer.o (memset)
/opt/Atollic_TrueSTUDIO_for_STM32_x86_64_9.3.0/ARMTools/bin/../lib/gcc/arm-atollic-eabi/6.3.1/../../../../arm-atollic-eabi/lib/armv7e-m/fpu/libc_nano.a(lib_a-strlen.o)
                              Src/tiny_printf.o (strlen)
/opt/Atollic_TrueSTUDIO_for_STM32_x86_64_9.3.0/ARMTools/bin/../lib/gcc/arm-atollic-eabi/6.3.1/armv7e-m/fpu/libgcc.a(_aeabi_uldivmod.o)
                              Drivers/STM32F4xx_HAL_Driver/Src/stm32f4xx_hal_rcc.o (__aeabi_uldivmod)
/opt/Atollic_TrueSTUDIO_for_STM32_x86_64_9.3.0/ARMTools/bin/../lib/gcc/arm-atollic-eabi/6.3.1/armv7e-m/fpu/libgcc.a(_udivmoddi4.o)
                              /opt/Atollic_TrueSTUDIO_for_STM32_x86_64_9.3.0/ARMTools/bin/../lib/gcc/arm-atollic-eabi/6.3.1/armv7e-m/fpu/libgcc.a(_aeabi_uldivmod.o) (__udivmoddi4)
/opt/Atollic_TrueSTUDIO_for_STM32_x86_64_9.3.0/ARMTools/bin/../lib/gcc/arm-atollic-eabi/6.3.1/armv7e-m/fpu/libgcc.a(_dvmd_tls.o)
                              /opt/Atollic_TrueSTUDIO_for_STM32_x86_64_9.3.0/ARMTools/bin/../lib/gcc/arm-atollic-eabi/6.3.1/armv7e-m/fpu/libgcc.a(_aeabi_uldivmod.o) (__aeabi_ldiv0)

Allocating common symbols
Common symbol       size              file

reception_I2C1      0x3               Src/freertos.o
defaultTaskHandle   0x4               Src/freertos.o
dizaine             0x4               Src/freertos.o
htim8               0x40              Src/stm32f4xx_hal_timebase_tim.o
heures              0x4               Src/horodateur.o
huart3              0x40              Src/usart.o
hi2c1               0x54              Src/i2c.o
hpcd_USB_OTG_FS     0x408             Src/usb_otg.o
unites_secondes     0x4               Src/horodateur.o
secondes            0x4               Src/horodateur.o
myTaskValeurSuiHandle
                    0x4               Src/freertos.o
myTaskRTCaffichHandle
                    0x4               Src/freertos.o
uwTick              0x4               Drivers/STM32F4xx_HAL_Driver/Src/stm32f4xx_hal.o
xQueueRegistry      0x40              Middlewares/Third_Party/FreeRTOS/Source/queue.o
pFlash              0x20              Drivers/STM32F4xx_HAL_Driver/Src/stm32f4xx_hal_flash.o
unites_minutes      0x4               Src/horodateur.o
dizaine_minutes     0x4               Src/horodateur.o
myTaskSensReglaHandle
                    0x4               Src/freertos.o
MyTaskModeHandle    0x4               Src/freertos.o
unite               0x4               Src/freertos.o
myTaskChampsHandle  0x4               Src/freertos.o
dizaine_heures      0x4               Src/horodateur.o
transmission_I2C1   0x4               Src/freertos.o
retour              0x4               Src/horodateur.o
heth                0x48              Src/eth.o
minutes             0x4               Src/horodateur.o
dizaine_secondes    0x4               Src/horodateur.o
unites_heures       0x4               Src/horodateur.o

Discarded input sections

 .text          0x0000000000000000        0x0 /opt/Atollic_TrueSTUDIO_for_STM32_x86_64_9.3.0/ARMTools/bin/../lib/gcc/arm-atollic-eabi/6.3.1/armv7e-m/fpu/crti.o
 .data          0x0000000000000000        0x0 /opt/Atollic_TrueSTUDIO_for_STM32_x86_64_9.3.0/ARMTools/bin/../lib/gcc/arm-atollic-eabi/6.3.1/armv7e-m/fpu/crti.o
 .bss           0x0000000000000000        0x0 /opt/Atollic_TrueSTUDIO_for_STM32_x86_64_9.3.0/ARMTools/bin/../lib/gcc/arm-atollic-eabi/6.3.1/armv7e-m/fpu/crti.o
 .data          0x0000000000000000        0x4 /opt/Atollic_TrueSTUDIO_for_STM32_x86_64_9.3.0/ARMTools/bin/../lib/gcc/arm-atollic-eabi/6.3.1/armv7e-m/fpu/crtbegin.o
[...]
Memory Configuration

Name             Origin             Length             Attributes
RAM              0x0000000020000000 0x0000000000030000 xrw
CCMRAM           0x0000000010000000 0x0000000000010000 rw
FLASH            0x0000000008000000 0x0000000000200000 xr
*default*        0x0000000000000000 0xffffffffffffffff

Linker script and memory map

LOAD /opt/Atollic_TrueSTUDIO_for_STM32_x86_64_9.3.0/ARMTools/bin/../lib/gcc/arm-atollic-eabi/6.3.1/armv7e-m/fpu/crti.o
LOAD /opt/Atollic_TrueSTUDIO_for_STM32_x86_64_9.3.0/ARMTools/bin/../lib/gcc/arm-atollic-eabi/6.3.1/armv7e-m/fpu/crtbegin.o
LOAD Drivers/STM32F4xx_HAL_Driver/Src/stm32f4xx_hal.o
LOAD Drivers/STM32F4xx_HAL_Driver/Src/stm32f4xx_hal_cortex.o
LOAD Drivers/STM32F4xx_HAL_Driver/Src/stm32f4xx_hal_dma.o
LOAD Drivers/STM32F4xx_HAL_Driver/Src/stm32f4xx_hal_dma_ex.o
LOAD Drivers/STM32F4xx_HAL_Driver/Src/stm32f4xx_hal_eth.o
LOAD Drivers/STM32F4xx_HAL_Driver/Src/stm32f4xx_hal_exti.o
LOAD Drivers/STM32F4xx_HAL_Driver/Src/stm32f4xx_hal_flash.o
LOAD Drivers/STM32F4xx_HAL_Driver/Src/stm32f4xx_hal_flash_ex.o
LOAD Drivers/STM32F4xx_HAL_Driver/Src/stm32f4xx_hal_flash_ramfunc.o
LOAD Drivers/STM32F4xx_HAL_Driver/Src/stm32f4xx_hal_gpio.o
LOAD Drivers/STM32F4xx_HAL_Driver/Src/stm32f4xx_hal_i2c.o
LOAD Drivers/STM32F4xx_HAL_Driver/Src/stm32f4xx_hal_i2c_ex.o
LOAD Drivers/STM32F4xx_HAL_Driver/Src/stm32f4xx_hal_pcd.o
LOAD Drivers/STM32F4xx_HAL_Driver/Src/stm32f4xx_hal_pcd_ex.o
LOAD Drivers/STM32F4xx_HAL_Driver/Src/stm32f4xx_hal_pwr.o
LOAD Drivers/STM32F4xx_HAL_Driver/Src/stm32f4xx_hal_pwr_ex.o
LOAD Drivers/STM32F4xx_HAL_Driver/Src/stm32f4xx_hal_rcc.o
LOAD Drivers/STM32F4xx_HAL_Driver/Src/stm32f4xx_hal_rcc_ex.o
LOAD Drivers/STM32F4xx_HAL_Driver/Src/stm32f4xx_hal_tim.o
LOAD Drivers/STM32F4xx_HAL_Driver/Src/stm32f4xx_hal_tim_ex.o
LOAD Drivers/STM32F4xx_HAL_Driver/Src/stm32f4xx_hal_uart.o
LOAD Drivers/STM32F4xx_HAL_Driver/Src/stm32f4xx_ll_usb.o
LOAD Middlewares/Third_Party/FreeRTOS/Source/CMSIS_RTOS/cmsis_os.o
LOAD Middlewares/Third_Party/FreeRTOS/Source/croutine.o
LOAD Middlewares/Third_Party/FreeRTOS/Source/event_groups.o
LOAD Middlewares/Third_Party/FreeRTOS/Source/list.o
LOAD Middlewares/Third_Party/FreeRTOS/Source/portable/GCC/ARM_CM4F/port.o
LOAD Middlewares/Third_Party/FreeRTOS/Source/portable/MemMang/heap_4.o
LOAD Middlewares/Third_Party/FreeRTOS/Source/queue.o
LOAD Middlewares/Third_Party/FreeRTOS/Source/stream_buffer.o
LOAD Middlewares/Third_Party/FreeRTOS/Source/tasks.o
LOAD Middlewares/Third_Party/FreeRTOS/Source/timers.o
LOAD Src/eth.o
LOAD Src/freertos.o
LOAD Src/gpio.o
LOAD Src/horodateur.o
LOAD Src/i2c.o
LOAD Src/main.o
LOAD Src/malloc.o
LOAD Src/stm32f4xx_hal_msp.o
LOAD Src/stm32f4xx_hal_timebase_tim.o
LOAD Src/stm32f4xx_it.o
LOAD Src/syscalls.o
LOAD Src/system_stm32f4xx.o
LOAD Src/tiny_printf.o
LOAD Src/usart.o
LOAD Src/usb_otg.o
LOAD startup/startup_stm32f429xx.o
                0x0000000000000080                malloc_getpagesize_P = 0x80
START GROUP
LOAD /opt/Atollic_TrueSTUDIO_for_STM32_x86_64_9.3.0/ARMTools/bin/../lib/gcc/arm-atollic-eabi/6.3.1/../../../../arm-atollic-eabi/lib/armv7e-m/fpu/libc_nano.a
LOAD /opt/Atollic_TrueSTUDIO_for_STM32_x86_64_9.3.0/ARMTools/bin/../lib/gcc/arm-atollic-eabi/6.3.1/../../../../arm-atollic-eabi/lib/armv7e-m/fpu/libm.a
END GROUP
START GROUP
LOAD /opt/Atollic_TrueSTUDIO_for_STM32_x86_64_9.3.0/ARMTools/bin/../lib/gcc/arm-atollic-eabi/6.3.1/armv7e-m/fpu/libgcc.a
LOAD /opt/Atollic_TrueSTUDIO_for_STM32_x86_64_9.3.0/ARMTools/bin/../lib/gcc/arm-atollic-eabi/6.3.1/../../../../arm-atollic-eabi/lib/armv7e-m/fpu/libc_nano.a
END GROUP
START GROUP
LOAD /opt/Atollic_TrueSTUDIO_for_STM32_x86_64_9.3.0/ARMTools/bin/../lib/gcc/arm-atollic-eabi/6.3.1/armv7e-m/fpu/libgcc.a
LOAD /opt/Atollic_TrueSTUDIO_for_STM32_x86_64_9.3.0/ARMTools/bin/../lib/gcc/arm-atollic-eabi/6.3.1/../../../../arm-atollic-eabi/lib/armv7e-m/fpu/libc_nano.a
LOAD /opt/Atollic_TrueSTUDIO_for_STM32_x86_64_9.3.0/ARMTools/bin/../lib/gcc/arm-atollic-eabi/6.3.1/../../../../arm-atollic-eabi/lib/armv7e-m/fpu/libnosys.a
END GROUP
START GROUP
LOAD /opt/Atollic_TrueSTUDIO_for_STM32_x86_64_9.3.0/ARMTools/bin/../lib/gcc/arm-atollic-eabi/6.3.1/armv7e-m/fpu/libgcc.a
LOAD /opt/Atollic_TrueSTUDIO_for_STM32_x86_64_9.3.0/ARMTools/bin/../lib/gcc/arm-atollic-eabi/6.3.1/../../../../arm-atollic-eabi/lib/armv7e-m/fpu/libc_nano.a
LOAD /opt/Atollic_TrueSTUDIO_for_STM32_x86_64_9.3.0/ARMTools/bin/../lib/gcc/arm-atollic-eabi/6.3.1/../../../../arm-atollic-eabi/lib/armv7e-m/fpu/libnosys.a
END GROUP
LOAD /opt/Atollic_TrueSTUDIO_for_STM32_x86_64_9.3.0/ARMTools/bin/../lib/gcc/arm-atollic-eabi/6.3.1/armv7e-m/fpu/crtend.o
LOAD /opt/Atollic_TrueSTUDIO_for_STM32_x86_64_9.3.0/ARMTools/bin/../lib/gcc/arm-atollic-eabi/6.3.1/armv7e-m/fpu/crtn.o
                0x0000000020030000                _estack = 0x20030000
                0x0000000000000200                _Min_Heap_Size = 0x200
                0x0000000000000400                _Min_Stack_Size = 0x400

.isr_vector     0x0000000008000000      0x1ac
                0x0000000008000000                . = ALIGN (0x4)
 *(.isr_vector)
 .isr_vector    0x0000000008000000      0x1ac startup/startup_stm32f429xx.o
                0x0000000008000000                g_pfnVectors
                0x00000000080001ac                . = ALIGN (0x4)

.text           0x00000000080001b0     0x4578
                0x00000000080001b0                . = ALIGN (0x4)
 *(.text)
 .text          0x00000000080001b0       0x40 /opt/Atollic_TrueSTUDIO_for_STM32_x86_64_9.3.0/ARMTools/bin/../lib/gcc/arm-atollic-eabi/6.3.1/armv7e-m/fpu/crtbegin.o
 .text          0x00000000080001f0       0x10 /opt/Atollic_TrueSTUDIO_for_STM32_x86_64_9.3.0/ARMTools/bin/../lib/gcc/arm-atollic-eabi/6.3.1/../../../../arm-atollic-eabi/lib/armv7e-m/fpu/libc_nano.a(lib_a-strlen.o)
                0x00000000080001f0                strlen
 .text          0x0000000008000200       0x30 /opt/Atollic_TrueSTUDIO_for_STM32_x86_64_9.3.0/ARMTools/bin/../lib/gcc/arm-atollic-eabi/6.3.1/armv7e-m/fpu/libgcc.a(_aeabi_uldivmod.o)
                0x0000000008000200                __aeabi_uldivmod
 .text          0x0000000008000230      0x2dc /opt/Atollic_TrueSTUDIO_for_STM32_x86_64_9.3.0/ARMTools/bin/../lib/gcc/arm-atollic-eabi/6.3.1/armv7e-m/fpu/libgcc.a(_udivmoddi4.o)
                0x0000000008000230                __udivmoddi4
 .text          0x000000000800050c        0x4 /opt/Atollic_TrueSTUDIO_for_STM32_x86_64_9.3.0/ARMTools/bin/../lib/gcc/arm-atollic-eabi/6.3.1/armv7e-m/fpu/libgcc.a(_dvmd_tls.o)
                0x000000000800050c                __aeabi_ldiv0
                0x000000000800050c                __aeabi_idiv0
 *(.text*)
 .text.HAL_Init
                0x0000000008000510       0x34 Drivers/STM32F4xx_HAL_Driver/Src/stm32f4xx_hal.o
                0x0000000008000510                HAL_Init
 .text.HAL_IncTick
                0x0000000008000544       0x18 Drivers/STM32F4xx_HAL_Driver/Src/stm32f4xx_hal.o
                0x0000000008000544                HAL_IncTick
 .text.HAL_GetTick
                0x000000000800055c        0xc Drivers/STM32F4xx_HAL_Driver/Src/stm32f4xx_hal.o
                0x000000000800055c                HAL_GetTick
 .text.HAL_Delay
                0x0000000008000568       0x28 Drivers/STM32F4xx_HAL_Driver/Src/stm32f4xx_hal.o
                0x0000000008000568                HAL_Delay
 .text.HAL_NVIC_SetPriorityGrouping
                0x0000000008000590       0x24 Drivers/STM32F4xx_HAL_Driver/Src/stm32f4xx_hal_cortex.o
                0x0000000008000590                HAL_NVIC_SetPriorityGrouping
 .text.HAL_NVIC_SetPriority
                0x00000000080005b4       0x64 Drivers/STM32F4xx_HAL_Driver/Src/stm32f4xx_hal_cortex.o
                0x00000000080005b4                HAL_NVIC_SetPriority
 .text.HAL_NVIC_EnableIRQ
                0x0000000008000618       0x1c Drivers/STM32F4xx_HAL_Driver/Src/stm32f4xx_hal_cortex.o
                0x0000000008000618                HAL_NVIC_EnableIRQ
 .text.ETH_MACAddressConfig
                0x0000000008000634       0x30 Drivers/STM32F4xx_HAL_Driver/Src/stm32f4xx_hal_eth.o
 .text.ETH_MACDMAConfig
                0x0000000008000664      0x118 Drivers/STM32F4xx_HAL_Driver/Src/stm32f4xx_hal_eth.o
 .text.HAL_ETH_ReadPHYRegister
                0x000000000800077c       0x78 Drivers/STM32F4xx_HAL_Driver/Src/stm32f4xx_hal_eth.o
                0x000000000800077c                HAL_ETH_ReadPHYRegister
 .text.HAL_ETH_WritePHYRegister
                0x00000000080007f4       0x74 Drivers/STM32F4xx_HAL_Driver/Src/stm32f4xx_hal_eth.o
                0x00000000080007f4                HAL_ETH_WritePHYRegister
 .text.HAL_ETH_Init
                0x0000000008000868      0x258 Drivers/STM32F4xx_HAL_Driver/Src/stm32f4xx_hal_eth.o
                0x0000000008000868                HAL_ETH_Init
 .text.HAL_GPIO_Init
                0x0000000008000ac0      0x1e4 Drivers/STM32F4xx_HAL_Driver/Src/stm32f4xx_hal_gpio.o
                0x0000000008000ac0                HAL_GPIO_Init
 .text.HAL_GPIO_ReadPin
                0x0000000008000ca4        0xe Drivers/STM32F4xx_HAL_Driver/Src/stm32f4xx_hal_gpio.o
                0x0000000008000ca4                HAL_GPIO_ReadPin
 .text.HAL_GPIO_WritePin
                0x0000000008000cb2        0xc Drivers/STM32F4xx_HAL_Driver/Src/stm32f4xx_hal_gpio.o
                0x0000000008000cb2                HAL_GPIO_WritePin
 .text.I2C_IsAcknowledgeFailed
                0x0000000008000cbe       0x32 Drivers/STM32F4xx_HAL_Driver/Src/stm32f4xx_hal_i2c.o
 .text.I2C_WaitOnFlagUntilTimeout
                0x0000000008000cf0       0x70 Drivers/STM32F4xx_HAL_Driver/Src/stm32f4xx_hal_i2c.o
 .text.I2C_WaitOnMasterAddressFlagUntilTimeout
                0x0000000008000d60       0xa4 Drivers/STM32F4xx_HAL_Driver/Src/stm32f4xx_hal_i2c.o
 .text.I2C_MasterRequestWrite
                0x0000000008000e04       0xa8 Drivers/STM32F4xx_HAL_Driver/Src/stm32f4xx_hal_i2c.o
 .text.I2C_MasterRequestRead
                0x0000000008000eac      0x100 Drivers/STM32F4xx_HAL_Driver/Src/stm32f4xx_hal_i2c.o
 .text.I2C_WaitOnTXEFlagUntilTimeout
                0x0000000008000fac       0x54 Drivers/STM32F4xx_HAL_Driver/Src/stm32f4xx_hal_i2c.o
 .text.I2C_WaitOnBTFFlagUntilTimeout
                0x0000000008001000       0x54 Drivers/STM32F4xx_HAL_Driver/Src/stm32f4xx_hal_i2c.o
 .text.I2C_WaitOnRXNEFlagUntilTimeout
                0x0000000008001054       0x6a Drivers/STM32F4xx_HAL_Driver/Src/stm32f4xx_hal_i2c.o
 *fill*         0x00000000080010be        0x2 
 .text.HAL_I2C_Init
                0x00000000080010c0      0x1a0 Drivers/STM32F4xx_HAL_Driver/Src/stm32f4xx_hal_i2c.o
                0x00000000080010c0                HAL_I2C_Init
 .text.HAL_I2C_Master_Transmit
                0x0000000008001260      0x174 Drivers/STM32F4xx_HAL_Driver/Src/stm32f4xx_hal_i2c.o
                0x0000000008001260                HAL_I2C_Master_Transmit
 .text.HAL_I2C_Master_Receive
                0x00000000080013d4      0x2dc Drivers/STM32F4xx_HAL_Driver/Src/stm32f4xx_hal_i2c.o
                0x00000000080013d4                HAL_I2C_Master_Receive
 .text.HAL_I2CEx_ConfigAnalogFilter
                0x00000000080016b0       0x44 Drivers/STM32F4xx_HAL_Driver/Src/stm32f4xx_hal_i2c_ex.o
                0x00000000080016b0                HAL_I2CEx_ConfigAnalogFilter
 .text.HAL_I2CEx_ConfigDigitalFilter
                0x00000000080016f4       0x42 Drivers/STM32F4xx_HAL_Driver/Src/stm32f4xx_hal_i2c_ex.o
                0x00000000080016f4                HAL_I2CEx_ConfigDigitalFilter
 .text.HAL_PCD_Init
                0x0000000008001736      0x122 Drivers/STM32F4xx_HAL_Driver/Src/stm32f4xx_hal_pcd.o
                0x0000000008001736                HAL_PCD_Init
 .text.HAL_RCC_OscConfig
                0x0000000008001858      0x398 Drivers/STM32F4xx_HAL_Driver/Src/stm32f4xx_hal_rcc.o
                0x0000000008001858                HAL_RCC_OscConfig
 .text.HAL_RCC_GetSysClockFreq
                0x0000000008001bf0       0xd4 Drivers/STM32F4xx_HAL_Driver/Src/stm32f4xx_hal_rcc.o
                0x0000000008001bf0                HAL_RCC_GetSysClockFreq
 .text.HAL_RCC_ClockConfig
                0x0000000008001cc4      0x158 Drivers/STM32F4xx_HAL_Driver/Src/stm32f4xx_hal_rcc.o
                0x0000000008001cc4                HAL_RCC_ClockConfig
 .text.HAL_RCC_GetHCLKFreq
                0x0000000008001e1c        0xc Drivers/STM32F4xx_HAL_Driver/Src/stm32f4xx_hal_rcc.o
                0x0000000008001e1c                HAL_RCC_GetHCLKFreq
 .text.HAL_RCC_GetPCLK1Freq
                0x0000000008001e28       0x20 Drivers/STM32F4xx_HAL_Driver/Src/stm32f4xx_hal_rcc.o
                0x0000000008001e28                HAL_RCC_GetPCLK1Freq
 .text.HAL_RCC_GetPCLK2Freq
                0x0000000008001e48       0x20 Drivers/STM32F4xx_HAL_Driver/Src/stm32f4xx_hal_rcc.o
                0x0000000008001e48                HAL_RCC_GetPCLK2Freq
 .text.HAL_RCC_GetClockConfig
                0x0000000008001e68       0x3c Drivers/STM32F4xx_HAL_Driver/Src/stm32f4xx_hal_rcc.o
                0x0000000008001e68                HAL_RCC_GetClockConfig
 .text.HAL_TIM_Base_MspInit
                0x0000000008001ea4        0x2 Drivers/STM32F4xx_HAL_Driver/Src/stm32f4xx_hal_tim.o
                0x0000000008001ea4                HAL_TIM_Base_MspInit
 .text.HAL_TIM_Base_Start_IT
                0x0000000008001ea6       0x22 Drivers/STM32F4xx_HAL_Driver/Src/stm32f4xx_hal_tim.o
                0x0000000008001ea6                HAL_TIM_Base_Start_IT
 .text.HAL_TIM_OC_DelayElapsedCallback
                0x0000000008001ec8        0x2 Drivers/STM32F4xx_HAL_Driver/Src/stm32f4xx_hal_tim.o
                0x0000000008001ec8                HAL_TIM_OC_DelayElapsedCallback
 .text.HAL_TIM_IC_CaptureCallback
                0x0000000008001eca        0x2 Drivers/STM32F4xx_HAL_Driver/Src/stm32f4xx_hal_tim.o
                0x0000000008001eca                HAL_TIM_IC_CaptureCallback
 .text.HAL_TIM_PWM_PulseFinishedCallback
                0x0000000008001ecc        0x2 Drivers/STM32F4xx_HAL_Driver/Src/stm32f4xx_hal_tim.o
                0x0000000008001ecc                HAL_TIM_PWM_PulseFinishedCallback
 .text.HAL_TIM_TriggerCallback
                0x0000000008001ece        0x2 Drivers/STM32F4xx_HAL_Driver/Src/stm32f4xx_hal_tim.o
                0x0000000008001ece                HAL_TIM_TriggerCallback
 .text.HAL_TIM_IRQHandler
                0x0000000008001ed0      0x17a Drivers/STM32F4xx_HAL_Driver/Src/stm32f4xx_hal_tim.o
                0x0000000008001ed0                HAL_TIM_IRQHandler
 *fill*         0x000000000800204a        0x2 
 .text.TIM_Base_SetConfig
                0x000000000800204c       0xcc Drivers/STM32F4xx_HAL_Driver/Src/stm32f4xx_hal_tim.o
                0x000000000800204c                TIM_Base_SetConfig
 .text.HAL_TIM_Base_Init
                0x0000000008002118       0x32 Drivers/STM32F4xx_HAL_Driver/Src/stm32f4xx_hal_tim.o
                0x0000000008002118                HAL_TIM_Base_Init
 .text.HAL_TIMEx_CommutCallback
                0x000000000800214a        0x2 Drivers/STM32F4xx_HAL_Driver/Src/stm32f4xx_hal_tim_ex.o
                0x000000000800214a                HAL_TIMEx_CommutCallback
 .text.HAL_TIMEx_BreakCallback
                0x000000000800214c        0x2 Drivers/STM32F4xx_HAL_Driver/Src/stm32f4xx_hal_tim_ex.o
                0x000000000800214c                HAL_TIMEx_BreakCallback
 *fill*         0x000000000800214e        0x2 
 .text.UART_SetConfig
                0x0000000008002150      0x344 Drivers/STM32F4xx_HAL_Driver/Src/stm32f4xx_hal_uart.o
 .text.HAL_UART_Init
                0x0000000008002494       0x5e Drivers/STM32F4xx_HAL_Driver/Src/stm32f4xx_hal_uart.o
                0x0000000008002494                HAL_UART_Init
 *fill*         0x00000000080024f2        0x2 
 .text.USB_CoreReset
                0x00000000080024f4       0x3c Drivers/STM32F4xx_HAL_Driver/Src/stm32f4xx_ll_usb.o
 .text.USB_CoreInit
                0x0000000008002530       0x8a Drivers/STM32F4xx_HAL_Driver/Src/stm32f4xx_ll_usb.o
                0x0000000008002530                USB_CoreInit
 .text.USB_DisableGlobalInt
                0x00000000080025ba        0xc Drivers/STM32F4xx_HAL_Driver/Src/stm32f4xx_ll_usb.o
                0x00000000080025ba                USB_DisableGlobalInt
 .text.USB_SetCurrentMode
                0x00000000080025c6       0x30 Drivers/STM32F4xx_HAL_Driver/Src/stm32f4xx_ll_usb.o
                0x00000000080025c6                USB_SetCurrentMode
 *fill*         0x00000000080025f6        0x2 
 .text.USB_FlushTxFifo
                0x00000000080025f8       0x28 Drivers/STM32F4xx_HAL_Driver/Src/stm32f4xx_ll_usb.o
                0x00000000080025f8                USB_FlushTxFifo
 .text.USB_FlushRxFifo
                0x0000000008002620       0x24 Drivers/STM32F4xx_HAL_Driver/Src/stm32f4xx_ll_usb.o
                0x0000000008002620                USB_FlushRxFifo
 .text.USB_SetDevSpeed
                0x0000000008002644        0xe Drivers/STM32F4xx_HAL_Driver/Src/stm32f4xx_ll_usb.o
                0x0000000008002644                USB_SetDevSpeed
 *fill*         0x0000000008002652        0x2 
 .text.USB_DevInit
                0x0000000008002654      0x1a0 Drivers/STM32F4xx_HAL_Driver/Src/stm32f4xx_ll_usb.o
                0x0000000008002654                USB_DevInit
 .text.USB_DevDisconnect
                0x00000000080027f4       0x18 Drivers/STM32F4xx_HAL_Driver/Src/stm32f4xx_ll_usb.o
                0x00000000080027f4                USB_DevDisconnect
 .text.makeFreeRtosPriority
                0x000000000800280c        0xc Middlewares/Third_Party/FreeRTOS/Source/CMSIS_RTOS/cmsis_os.o
 .text.osKernelStart
                0x0000000008002818        0xa Middlewares/Third_Party/FreeRTOS/Source/CMSIS_RTOS/cmsis_os.o
                0x0000000008002818                osKernelStart
 .text.osThreadCreate
                0x0000000008002822       0x6a Middlewares/Third_Party/FreeRTOS/Source/CMSIS_RTOS/cmsis_os.o
                0x0000000008002822                osThreadCreate
 .text.osDelay  0x000000000800288c       0x12 Middlewares/Third_Party/FreeRTOS/Source/CMSIS_RTOS/cmsis_os.o
                0x000000000800288c                osDelay
 .text.vListInitialise
                0x000000000800289e       0x16 Middlewares/Third_Party/FreeRTOS/Source/list.o
                0x000000000800289e                vListInitialise
 .text.vListInitialiseItem
                0x00000000080028b4        0x6 Middlewares/Third_Party/FreeRTOS/Source/list.o
                0x00000000080028b4                vListInitialiseItem
 .text.vListInsertEnd
                0x00000000080028ba       0x18 Middlewares/Third_Party/FreeRTOS/Source/list.o
                0x00000000080028ba                vListInsertEnd
 .text.vListInsert
                0x00000000080028d2       0x34 Middlewares/Third_Party/FreeRTOS/Source/list.o
                0x00000000080028d2                vListInsert
 .text.uxListRemove
                0x0000000008002906       0x28 Middlewares/Third_Party/FreeRTOS/Source/list.o
                0x0000000008002906                uxListRemove
 *fill*         0x000000000800292e        0x2 
 .text.prvTaskExitError
                0x0000000008002930       0x40 Middlewares/Third_Party/FreeRTOS/Source/portable/GCC/ARM_CM4F/port.o
 .text.prvPortStartFirstTask
                0x0000000008002970       0x28 Middlewares/Third_Party/FreeRTOS/Source/portable/GCC/ARM_CM4F/port.o
 .text.vPortEnableVFP
                0x0000000008002998       0x14 Middlewares/Third_Party/FreeRTOS/Source/portable/GCC/ARM_CM4F/port.o
 .text.pxPortInitialiseStack
                0x00000000080029ac       0x2c Middlewares/Third_Party/FreeRTOS/Source/portable/GCC/ARM_CM4F/port.o
                0x00000000080029ac                pxPortInitialiseStack
 *fill*         0x00000000080029d8        0x8 
 .text.SVC_Handler
                0x00000000080029e0       0x24 Middlewares/Third_Party/FreeRTOS/Source/portable/GCC/ARM_CM4F/port.o
                0x00000000080029e0                SVC_Handler
 .text.vPortEnterCritical
                0x0000000008002a04       0x44 Middlewares/Third_Party/FreeRTOS/Source/portable/GCC/ARM_CM4F/port.o
                0x0000000008002a04                vPortEnterCritical
 .text.vPortExitCritical
                0x0000000008002a48       0x2c Middlewares/Third_Party/FreeRTOS/Source/portable/GCC/ARM_CM4F/port.o
                0x0000000008002a48                vPortExitCritical
 *fill*         0x0000000008002a74        0xc 
 .text.PendSV_Handler
                0x0000000008002a80       0x64 Middlewares/Third_Party/FreeRTOS/Source/portable/GCC/ARM_CM4F/port.o
                0x0000000008002a80                PendSV_Handler
 .text.SysTick_Handler
                0x0000000008002ae4       0x2c Middlewares/Third_Party/FreeRTOS/Source/portable/GCC/ARM_CM4F/port.o
                0x0000000008002ae4                SysTick_Handler
 .text.vPortSetupTimerInterrupt
                0x0000000008002b10       0x38 Middlewares/Third_Party/FreeRTOS/Source/portable/GCC/ARM_CM4F/port.o
                0x0000000008002b10                vPortSetupTimerInterrupt
 .text.xPortStartScheduler
                0x0000000008002b48      0x110 Middlewares/Third_Party/FreeRTOS/Source/portable/GCC/ARM_CM4F/port.o
                0x0000000008002b48                xPortStartScheduler
 .text.prvHeapInit
                0x0000000008002c58       0x64 Middlewares/Third_Party/FreeRTOS/Source/portable/MemMang/heap_4.o
 .text.prvInsertBlockIntoFreeList
                0x0000000008002cbc       0x58 Middlewares/Third_Party/FreeRTOS/Source/portable/MemMang/heap_4.o
 .text.pvPortMalloc
                0x0000000008002d14      0x108 Middlewares/Third_Party/FreeRTOS/Source/portable/MemMang/heap_4.o
                0x0000000008002d14                pvPortMalloc
 .text.vPortFree
                0x0000000008002e1c       0x70 Middlewares/Third_Party/FreeRTOS/Source/portable/MemMang/heap_4.o
                0x0000000008002e1c                vPortFree
 .text.prvResetNextTaskUnblockTime
                0x0000000008002e8c       0x34 Middlewares/Third_Party/FreeRTOS/Source/tasks.o
 .text.prvInitialiseNewTask
                0x0000000008002ec0       0x80 Middlewares/Third_Party/FreeRTOS/Source/tasks.o
 .text.prvInitialiseTaskLists
                0x0000000008002f40       0x68 Middlewares/Third_Party/FreeRTOS/Source/tasks.o
 .text.prvAddNewTaskToReadyList
                0x0000000008002fa8       0xa8 Middlewares/Third_Party/FreeRTOS/Source/tasks.o
 .text.prvDeleteTCB
                0x0000000008003050       0x3a Middlewares/Third_Party/FreeRTOS/Source/tasks.o
 *fill*         0x000000000800308a        0x2 
 .text.prvCheckTasksWaitingTermination
                0x000000000800308c       0x4c Middlewares/Third_Party/FreeRTOS/Source/tasks.o
 .text.prvIdleTask
                0x00000000080030d8       0x28 Middlewares/Third_Party/FreeRTOS/Source/tasks.o
 .text.prvAddCurrentTaskToDelayedList
                0x0000000008003100       0x98 Middlewares/Third_Party/FreeRTOS/Source/tasks.o
 .text.xTaskCreateStatic
                0x0000000008003198       0x72 Middlewares/Third_Party/FreeRTOS/Source/tasks.o
                0x0000000008003198                xTaskCreateStatic
 .text.xTaskCreate
                0x000000000800320a       0x66 Middlewares/Third_Party/FreeRTOS/Source/tasks.o
                0x000000000800320a                xTaskCreate
 .text.vTaskStartScheduler
                0x0000000008003270       0x78 Middlewares/Third_Party/FreeRTOS/Source/tasks.o
                0x0000000008003270                vTaskStartScheduler
 .text.vTaskSuspendAll
                0x00000000080032e8       0x10 Middlewares/Third_Party/FreeRTOS/Source/tasks.o
                0x00000000080032e8                vTaskSuspendAll
 .text.xTaskIncrementTick
                0x00000000080032f8      0x120 Middlewares/Third_Party/FreeRTOS/Source/tasks.o
                0x00000000080032f8                xTaskIncrementTick
 .text.xTaskResumeAll
                0x0000000008003418       0xfc Middlewares/Third_Party/FreeRTOS/Source/tasks.o
                0x0000000008003418                xTaskResumeAll
 .text.vTaskDelay
                0x0000000008003514       0x50 Middlewares/Third_Party/FreeRTOS/Source/tasks.o
                0x0000000008003514                vTaskDelay
 .text.vTaskSwitchContext
                0x0000000008003564       0x9c Middlewares/Third_Party/FreeRTOS/Source/tasks.o
                0x0000000008003564                vTaskSwitchContext
 .text.MX_ETH_Init
                0x0000000008003600       0x58 Src/eth.o
                0x0000000008003600                MX_ETH_Init
 .text.HAL_ETH_MspInit
                0x0000000008003658      0x11c Src/eth.o
                0x0000000008003658                HAL_ETH_MspInit
 .text.StartDefaultTask
                0x0000000008003774        0xc Src/freertos.o
                0x0000000008003774                StartDefaultTask
 .text.TaskMode
                0x0000000008003780       0x24 Src/freertos.o
                0x0000000008003780                TaskMode
 .text.TaskChamps
                0x00000000080037a4       0x44 Src/freertos.o
                0x00000000080037a4                TaskChamps
 .text.TaskSensReglage
                0x00000000080037e8       0x38 Src/freertos.o
                0x00000000080037e8                TaskSensReglage
 .text.TaskValeurSuivante
                0x0000000008003820      0x168 Src/freertos.o
                0x0000000008003820                TaskValeurSuivante
 .text.TaskRTCaffichage
                0x0000000008003988       0xe4 Src/freertos.o
                0x0000000008003988                TaskRTCaffichage
 .text.vApplicationGetIdleTaskMemory
                0x0000000008003a6c       0x18 Src/freertos.o
                0x0000000008003a6c                vApplicationGetIdleTaskMemory
 .text.MX_FREERTOS_Init
                0x0000000008003a84       0xd8 Src/freertos.o
                0x0000000008003a84                MX_FREERTOS_Init
 .text.MX_GPIO_Init
                0x0000000008003b5c      0x124 Src/gpio.o
                0x0000000008003b5c                MX_GPIO_Init
 .text.receive_info_rtc
                0x0000000008003c80       0x38 Src/horodateur.o
                0x0000000008003c80                receive_info_rtc
 .text.modifier_valeur_heure_courante
                0x0000000008003cb8      0x1b8 Src/horodateur.o
                0x0000000008003cb8                modifier_valeur_heure_courante
 .text.mise_a_jour_rtc
                0x0000000008003e70       0x28 Src/horodateur.o
                0x0000000008003e70                mise_a_jour_rtc
 .text.Change_Mode
                0x0000000008003e98       0x3c Src/horodateur.o
                0x0000000008003e98                Change_Mode
 .text.Choix_Champ
                0x0000000008003ed4       0x50 Src/horodateur.o
                0x0000000008003ed4                Choix_Champ
 .text.Choix_Sens
                0x0000000008003f24       0x4c Src/horodateur.o
                0x0000000008003f24                Choix_Sens
 .text.MX_I2C1_Init
                0x0000000008003f70       0x5c Src/i2c.o
                0x0000000008003f70                MX_I2C1_Init
 .text.HAL_I2C_MspInit
                0x0000000008003fcc       0x74 Src/i2c.o
                0x0000000008003fcc                HAL_I2C_MspInit
 .text.SystemClock_Config
                0x0000000008004040       0x98 Src/main.o
                0x0000000008004040                SystemClock_Config
 .text.main     0x00000000080040d8       0x28 Src/main.o
                0x00000000080040d8                main
 .text._write   0x0000000008004100       0x48 Src/main.o
                0x0000000008004100                _write
 .text.HAL_TIM_PeriodElapsedCallback
                0x0000000008004148       0x18 Src/main.o
                0x0000000008004148                HAL_TIM_PeriodElapsedCallback
 .text.Error_Handler
                0x0000000008004160        0x2 Src/main.o
                0x0000000008004160                Error_Handler
 .text.malloc   0x0000000008004162        0x8 Src/malloc.o
                0x0000000008004162                malloc
 .text.free     0x000000000800416a        0x8 Src/malloc.o
                0x000000000800416a                free
 *fill*         0x0000000008004172        0x2 
 .text.HAL_MspInit
                0x0000000008004174       0x44 Src/stm32f4xx_hal_msp.o
                0x0000000008004174                HAL_MspInit
 .text.HAL_InitTick
                0x00000000080041b8       0x7c Src/stm32f4xx_hal_timebase_tim.o
                0x00000000080041b8                HAL_InitTick
 .text.NMI_Handler
                0x0000000008004234        0x2 Src/stm32f4xx_it.o
                0x0000000008004234                NMI_Handler
 .text.HardFault_Handler
                0x0000000008004236        0x2 Src/stm32f4xx_it.o
                0x0000000008004236                HardFault_Handler
 .text.MemManage_Handler
                0x0000000008004238        0x2 Src/stm32f4xx_it.o
                0x0000000008004238                MemManage_Handler
 .text.BusFault_Handler
                0x000000000800423a        0x2 Src/stm32f4xx_it.o
                0x000000000800423a                BusFault_Handler
 .text.UsageFault_Handler
                0x000000000800423c        0x2 Src/stm32f4xx_it.o
                0x000000000800423c                UsageFault_Handler
 .text.DebugMon_Handler
                0x000000000800423e        0x2 Src/stm32f4xx_it.o
                0x000000000800423e                DebugMon_Handler
 .text.TIM8_UP_TIM13_IRQHandler
                0x0000000008004240       0x10 Src/stm32f4xx_it.o
                0x0000000008004240                TIM8_UP_TIM13_IRQHandler
 .text.SystemInit
                0x0000000008004250       0x4c Src/system_stm32f4xx.o
                0x0000000008004250                SystemInit
 .text.ts_itoa  0x000000000800429c       0x40 Src/tiny_printf.o
                0x000000000800429c                ts_itoa
 .text.ts_formatstring
                0x00000000080042dc       0xdc Src/tiny_printf.o
                0x00000000080042dc                ts_formatstring
 .text.ts_formatlength
                0x00000000080043b8       0x8e Src/tiny_printf.o
                0x00000000080043b8                ts_formatlength
 .text.iprintf  0x0000000008004446       0x7c Src/tiny_printf.o
                0x0000000008004446                printf
                0x0000000008004446                iprintf
 *fill*         0x00000000080044c2        0x2 
 .text.puts     0x00000000080044c4       0x38 Src/tiny_printf.o
                0x00000000080044c4                puts
 .text.MX_USART3_UART_Init
                0x00000000080044fc       0x34 Src/usart.o
                0x00000000080044fc                MX_USART3_UART_Init
 .text.HAL_UART_MspInit
                0x0000000008004530       0x74 Src/usart.o
                0x0000000008004530                HAL_UART_MspInit
 .text.MX_USB_OTG_FS_PCD_Init
                0x00000000080045a4       0x38 Src/usb_otg.o
                0x00000000080045a4                MX_USB_OTG_FS_PCD_Init
 .text.HAL_PCD_MspInit
                0x00000000080045dc       0x88 Src/usb_otg.o
                0x00000000080045dc                HAL_PCD_MspInit
 .text.Reset_Handler
                0x0000000008004664       0x50 startup/startup_stm32f429xx.o
                0x0000000008004664                Reset_Handler
 .text.Default_Handler
                0x00000000080046b4        0x2 startup/startup_stm32f429xx.o
                0x00000000080046b4                RTC_Alarm_IRQHandler
                0x00000000080046b4                HASH_RNG_IRQHandler
                0x00000000080046b4                EXTI2_IRQHandler
                0x00000000080046b4                TIM8_CC_IRQHandler
                0x00000000080046b4                UART8_IRQHandler
                0x00000000080046b4                SPI4_IRQHandler
                0x00000000080046b4                TIM1_CC_IRQHandler
                0x00000000080046b4                DMA2_Stream5_IRQHandler
                0x00000000080046b4                DMA1_Stream5_IRQHandler
                0x00000000080046b4                PVD_IRQHandler
                0x00000000080046b4                SDIO_IRQHandler
                0x00000000080046b4                TAMP_STAMP_IRQHandler
                0x00000000080046b4                CAN2_RX1_IRQHandler
                0x00000000080046b4                EXTI3_IRQHandler
                0x00000000080046b4                TIM8_TRG_COM_TIM14_IRQHandler
                0x00000000080046b4                TIM1_UP_TIM10_IRQHandler
                0x00000000080046b4                I2C3_ER_IRQHandler
                0x00000000080046b4                EXTI0_IRQHandler
                0x00000000080046b4                I2C2_EV_IRQHandler
                0x00000000080046b4                DMA1_Stream2_IRQHandler
                0x00000000080046b4                CAN1_RX0_IRQHandler
                0x00000000080046b4                FPU_IRQHandler
                0x00000000080046b4                OTG_HS_WKUP_IRQHandler
                0x00000000080046b4                LTDC_ER_IRQHandler
                0x00000000080046b4                CAN2_SCE_IRQHandler
                0x00000000080046b4                DMA2_Stream2_IRQHandler
                0x00000000080046b4                SPI1_IRQHandler
                0x00000000080046b4                TIM6_DAC_IRQHandler
                0x00000000080046b4                TIM1_BRK_TIM9_IRQHandler
                0x00000000080046b4                DCMI_IRQHandler
                0x00000000080046b4                CAN2_RX0_IRQHandler
                0x00000000080046b4                DMA2_Stream3_IRQHandler
                0x00000000080046b4                USART6_IRQHandler
                0x00000000080046b4                USART3_IRQHandler
                0x00000000080046b4                CAN1_RX1_IRQHandler
                0x00000000080046b4                UART5_IRQHandler
                0x00000000080046b4                DMA2_Stream0_IRQHandler
                0x00000000080046b4                TIM4_IRQHandler
                0x00000000080046b4                I2C1_EV_IRQHandler
                0x00000000080046b4                DMA1_Stream6_IRQHandler
                0x00000000080046b4                DMA1_Stream1_IRQHandler
                0x00000000080046b4                UART4_IRQHandler
                0x00000000080046b4                TIM3_IRQHandler
                0x00000000080046b4                RCC_IRQHandler
                0x00000000080046b4                TIM8_BRK_TIM12_IRQHandler
                0x00000000080046b4                Default_Handler
                0x00000000080046b4                EXTI15_10_IRQHandler
                0x00000000080046b4                ADC_IRQHandler
                0x00000000080046b4                DMA1_Stream7_IRQHandler
                0x00000000080046b4                SPI5_IRQHandler
                0x00000000080046b4                TIM7_IRQHandler
                0x00000000080046b4                CAN2_TX_IRQHandler
                0x00000000080046b4                TIM5_IRQHandler
                0x00000000080046b4                DMA2_Stream7_IRQHandler
                0x00000000080046b4                I2C3_EV_IRQHandler
                0x00000000080046b4                EXTI9_5_IRQHandler
                0x00000000080046b4                RTC_WKUP_IRQHandler
                0x00000000080046b4                LTDC_IRQHandler
                0x00000000080046b4                ETH_WKUP_IRQHandler
                0x00000000080046b4                SPI2_IRQHandler
                0x00000000080046b4                OTG_HS_EP1_IN_IRQHandler
                0x00000000080046b4                DMA1_Stream0_IRQHandler
                0x00000000080046b4                CAN1_TX_IRQHandler
                0x00000000080046b4                EXTI4_IRQHandler
                0x00000000080046b4                ETH_IRQHandler
                0x00000000080046b4                OTG_HS_EP1_OUT_IRQHandler
                0x00000000080046b4                WWDG_IRQHandler
                0x00000000080046b4                SPI6_IRQHandler
                0x00000000080046b4                TIM2_IRQHandler
                0x00000000080046b4                OTG_FS_WKUP_IRQHandler
                0x00000000080046b4                TIM1_TRG_COM_TIM11_IRQHandler
                0x00000000080046b4                OTG_HS_IRQHandler
                0x00000000080046b4                DMA2D_IRQHandler
                0x00000000080046b4                EXTI1_IRQHandler
                0x00000000080046b4                UART7_IRQHandler
                0x00000000080046b4                USART2_IRQHandler
                0x00000000080046b4                I2C2_ER_IRQHandler
                0x00000000080046b4                DMA2_Stream1_IRQHandler
                0x00000000080046b4                CAN1_SCE_IRQHandler
                0x00000000080046b4                FLASH_IRQHandler
                0x00000000080046b4                DMA2_Stream4_IRQHandler
                0x00000000080046b4                USART1_IRQHandler
                0x00000000080046b4                OTG_FS_IRQHandler
                0x00000000080046b4                SPI3_IRQHandler
                0x00000000080046b4                DMA1_Stream4_IRQHandler
                0x00000000080046b4                I2C1_ER_IRQHandler
                0x00000000080046b4                FMC_IRQHandler
                0x00000000080046b4                DMA2_Stream6_IRQHandler
                0x00000000080046b4                SAI1_IRQHandler
                0x00000000080046b4                DMA1_Stream3_IRQHandler
 *fill*         0x00000000080046b6        0x2 
 .text.__libc_init_array
                0x00000000080046b8       0x48 /opt/Atollic_TrueSTUDIO_for_STM32_x86_64_9.3.0/ARMTools/bin/../lib/gcc/arm-atollic-eabi/6.3.1/../../../../arm-atollic-eabi/lib/armv7e-m/fpu/libc_nano.a(lib_a-init.o)
                0x00000000080046b8                __libc_init_array
 .text.memset   0x0000000008004700       0x10 /opt/Atollic_TrueSTUDIO_for_STM32_x86_64_9.3.0/ARMTools/bin/../lib/gcc/arm-atollic-eabi/6.3.1/../../../../arm-atollic-eabi/lib/armv7e-m/fpu/libc_nano.a(lib_a-memset.o)
                0x0000000008004700                memset
 *(.glue_7)
 .glue_7        0x0000000008004710        0x0 linker stubs
 *(.glue_7t)
 .glue_7t       0x0000000008004710        0x0 linker stubs
 *(.eh_frame)
 .eh_frame      0x0000000008004710        0x0 /opt/Atollic_TrueSTUDIO_for_STM32_x86_64_9.3.0/ARMTools/bin/../lib/gcc/arm-atollic-eabi/6.3.1/armv7e-m/fpu/crtbegin.o
 *(.init)
 .init          0x0000000008004710        0x4 /opt/Atollic_TrueSTUDIO_for_STM32_x86_64_9.3.0/ARMTools/bin/../lib/gcc/arm-atollic-eabi/6.3.1/armv7e-m/fpu/crti.o
                0x0000000008004710                _init
 .init          0x0000000008004714        0x8 /opt/Atollic_TrueSTUDIO_for_STM32_x86_64_9.3.0/ARMTools/bin/../lib/gcc/arm-atollic-eabi/6.3.1/armv7e-m/fpu/crtn.o
 *(.fini)
 .fini          0x000000000800471c        0x4 /opt/Atollic_TrueSTUDIO_for_STM32_x86_64_9.3.0/ARMTools/bin/../lib/gcc/arm-atollic-eabi/6.3.1/armv7e-m/fpu/crti.o
                0x000000000800471c                _fini
 .fini          0x0000000008004720        0x8 /opt/Atollic_TrueSTUDIO_for_STM32_x86_64_9.3.0/ARMTools/bin/../lib/gcc/arm-atollic-eabi/6.3.1/armv7e-m/fpu/crtn.o
                0x0000000008004728                . = ALIGN (0x4)
                0x0000000008004728                _etext = .

.vfp11_veneer   0x0000000008004728        0x0
 .vfp11_veneer  0x0000000008004728        0x0 linker stubs

.v4_bx          0x0000000008004728        0x0
 .v4_bx         0x0000000008004728        0x0 linker stubs

.iplt           0x0000000008004728        0x0
 .iplt          0x0000000008004728        0x0 /opt/Atollic_TrueSTUDIO_for_STM32_x86_64_9.3.0/ARMTools/bin/../lib/gcc/arm-atollic-eabi/6.3.1/armv7e-m/fpu/crtbegin.o

.rodata         0x0000000008004728      0x1c0
                0x0000000008004728                . = ALIGN (0x4)
 *(.rodata)
 .rodata        0x0000000008004728       0xa8 Src/freertos.o
 *(.rodata*)
 .rodata.vTaskStartScheduler.str1.4
                0x00000000080047d0        0x5 Middlewares/Third_Party/FreeRTOS/Source/tasks.o
 *fill*         0x00000000080047d5        0x3 
 .rodata.TaskRTCaffichage.str1.4
                0x00000000080047d8       0x19 Src/freertos.o
 *fill*         0x00000000080047f1        0x3 
 .rodata.TaskValeurSuivante.str1.4
                0x00000000080047f4       0x38 Src/freertos.o
 .rodata.str1.4
                0x000000000800482c       0x58 Src/freertos.o
 .rodata.Change_Mode.str1.4
                0x0000000008004884       0x1d Src/horodateur.o
 *fill*         0x00000000080048a1        0x3 
 .rodata.Choix_Champ.str1.4
                0x00000000080048a4       0x1b Src/horodateur.o
 *fill*         0x00000000080048bf        0x1 
 .rodata.Choix_Sens.str1.4
                0x00000000080048c0        0x9 Src/horodateur.o
 .rodata.modifier_valeur_heure_courante.str1.4
                0x00000000080048c9        0x9 Src/horodateur.o
                                          0x4 (size before relaxing)
 *fill*         0x00000000080048c9        0x3 
 .rodata.AHBPrescTable
                0x00000000080048cc       0x10 Src/system_stm32f4xx.o
                0x00000000080048cc                AHBPrescTable
 .rodata.APBPrescTable
                0x00000000080048dc        0x8 Src/system_stm32f4xx.o
                0x00000000080048dc                APBPrescTable
 .rodata.fputs.str1.4
                0x00000000080048e4        0x4 Src/tiny_printf.o
                                          0x2 (size before relaxing)
                0x00000000080048e8                . = ALIGN (0x4)

.ARM.extab
 *(.ARM.extab* .gnu.linkonce.armextab.*)

.ARM            0x00000000080048e8        0x8
                0x00000000080048e8                __exidx_start = .
 *(.ARM.exidx*)
 .ARM.exidx     0x00000000080048e8        0x8 /opt/Atollic_TrueSTUDIO_for_STM32_x86_64_9.3.0/ARMTools/bin/../lib/gcc/arm-atollic-eabi/6.3.1/armv7e-m/fpu/libgcc.a(_udivmoddi4.o)
                0x00000000080048f0                __exidx_end = .

.rel.dyn        0x00000000080048f0        0x0
 .rel.iplt      0x00000000080048f0        0x0 /opt/Atollic_TrueSTUDIO_for_STM32_x86_64_9.3.0/ARMTools/bin/../lib/gcc/arm-atollic-eabi/6.3.1/armv7e-m/fpu/crtbegin.o

.preinit_array  0x00000000080048f0        0x0
                0x00000000080048f0                PROVIDE (__preinit_array_start, .)
 *(.preinit_array*)
                0x00000000080048f0                PROVIDE (__preinit_array_end, .)

.init_array     0x00000000080048f0        0x4
                0x00000000080048f0                PROVIDE (__init_array_start, .)
 *(SORT(.init_array.*))
 *(.init_array*)
 .init_array    0x00000000080048f0        0x4 /opt/Atollic_TrueSTUDIO_for_STM32_x86_64_9.3.0/ARMTools/bin/../lib/gcc/arm-atollic-eabi/6.3.1/armv7e-m/fpu/crtbegin.o
                0x00000000080048f4                PROVIDE (__init_array_end, .)

.fini_array     0x00000000080048f4        0x4
                [!provide]                        PROVIDE (__fini_array_start, .)
 *(SORT(.fini_array.*))
 *(.fini_array*)
 .fini_array    0x00000000080048f4        0x4 /opt/Atollic_TrueSTUDIO_for_STM32_x86_64_9.3.0/ARMTools/bin/../lib/gcc/arm-atollic-eabi/6.3.1/armv7e-m/fpu/crtbegin.o
                [!provide]                        PROVIDE (__fini_array_end, .)
                0x00000000080048f8                _sidata = LOADADDR (.data)

.data           0x0000000020000000       0x1c load address 0x00000000080048f8
                0x0000000020000000                . = ALIGN (0x4)
                0x0000000020000000                _sdata = .
 *(.data)
 *(.data*)
 .data.uwTickFreq
                0x0000000020000000        0x1 Drivers/STM32F4xx_HAL_Driver/Src/stm32f4xx_hal.o
                0x0000000020000000                uwTickFreq
 *fill*         0x0000000020000001        0x3 
 .data.uxCriticalNesting
                0x0000000020000004        0x4 Middlewares/Third_Party/FreeRTOS/Source/portable/GCC/ARM_CM4F/port.o
 .data.p_reception_I2C1
                0x0000000020000008        0x4 Src/freertos.o
                0x0000000020000008                p_reception_I2C1
 .data.p_transmission_I2C1
                0x000000002000000c        0x4 Src/freertos.o
                0x000000002000000c                p_transmission_I2C1
 .data.champ    0x0000000020000010        0x4 Src/horodateur.o
                0x0000000020000010                champ
 .data.mode     0x0000000020000014        0x4 Src/horodateur.o
                0x0000000020000014                mode
 .data.SystemCoreClock
                0x0000000020000018        0x4 Src/system_stm32f4xx.o
                0x0000000020000018                SystemCoreClock
                0x000000002000001c                . = ALIGN (0x4)
                0x000000002000001c                _edata = .
                0x0000000008004914                _siccmram = LOADADDR (.ccmram)

.igot.plt       0x000000002000001c        0x0 load address 0x0000000008004914
 .igot.plt      0x000000002000001c        0x0 /opt/Atollic_TrueSTUDIO_for_STM32_x86_64_9.3.0/ARMTools/bin/../lib/gcc/arm-atollic-eabi/6.3.1/armv7e-m/fpu/crtbegin.o

.ccmram         0x0000000010000000        0x0 load address 0x0000000008004914
                0x0000000010000000                . = ALIGN (0x4)
                0x0000000010000000                _sccmram = .
 *(.ccmram)
 *(.ccmram*)
                0x0000000010000000                . = ALIGN (0x4)
                0x0000000010000000                _eccmram = .
                0x0000000010000000                . = ALIGN (0x4)

.bss            0x000000002000001c     0x4538
                0x000000002000001c                _sbss = .
                0x000000002000001c                __bss_start__ = _sbss
 *(.bss)
 .bss           0x000000002000001c       0x1c /opt/Atollic_TrueSTUDIO_for_STM32_x86_64_9.3.0/ARMTools/bin/../lib/gcc/arm-atollic-eabi/6.3.1/armv7e-m/fpu/crtbegin.o
 *(.bss*)
 .bss.ucMaxSysCallPriority
                0x0000000020000038        0x1 Middlewares/Third_Party/FreeRTOS/Source/portable/GCC/ARM_CM4F/port.o
 *fill*         0x0000000020000039        0x3 
 .bss.ulMaxPRIGROUPValue
                0x000000002000003c        0x4 Middlewares/Third_Party/FreeRTOS/Source/portable/GCC/ARM_CM4F/port.o
 .bss.pxEnd     0x0000000020000040        0x4 Middlewares/Third_Party/FreeRTOS/Source/portable/MemMang/heap_4.o
 .bss.ucHeap    0x0000000020000044     0x3c00 Middlewares/Third_Party/FreeRTOS/Source/portable/MemMang/heap_4.o
 .bss.xBlockAllocatedBit
                0x0000000020003c44        0x4 Middlewares/Third_Party/FreeRTOS/Source/portable/MemMang/heap_4.o
 .bss.xFreeBytesRemaining
                0x0000000020003c48        0x4 Middlewares/Third_Party/FreeRTOS/Source/portable/MemMang/heap_4.o
 .bss.xMinimumEverFreeBytesRemaining
                0x0000000020003c4c        0x4 Middlewares/Third_Party/FreeRTOS/Source/portable/MemMang/heap_4.o
 .bss.xStart    0x0000000020003c50        0x8 Middlewares/Third_Party/FreeRTOS/Source/portable/MemMang/heap_4.o
 .bss.pxCurrentTCB
                0x0000000020003c58        0x4 Middlewares/Third_Party/FreeRTOS/Source/tasks.o
                0x0000000020003c58                pxCurrentTCB
 .bss.pxDelayedTaskList
                0x0000000020003c5c        0x4 Middlewares/Third_Party/FreeRTOS/Source/tasks.o
 .bss.pxOverflowDelayedTaskList
                0x0000000020003c60        0x4 Middlewares/Third_Party/FreeRTOS/Source/tasks.o
 .bss.pxReadyTasksLists
                0x0000000020003c64       0x8c Middlewares/Third_Party/FreeRTOS/Source/tasks.o
 .bss.uxCurrentNumberOfTasks
                0x0000000020003cf0        0x4 Middlewares/Third_Party/FreeRTOS/Source/tasks.o
 .bss.uxDeletedTasksWaitingCleanUp
                0x0000000020003cf4        0x4 Middlewares/Third_Party/FreeRTOS/Source/tasks.o
 .bss.uxPendedTicks
                0x0000000020003cf8        0x4 Middlewares/Third_Party/FreeRTOS/Source/tasks.o
 .bss.uxSchedulerSuspended
                0x0000000020003cfc        0x4 Middlewares/Third_Party/FreeRTOS/Source/tasks.o
 .bss.uxTaskNumber
                0x0000000020003d00        0x4 Middlewares/Third_Party/FreeRTOS/Source/tasks.o
 .bss.uxTopReadyPriority
                0x0000000020003d04        0x4 Middlewares/Third_Party/FreeRTOS/Source/tasks.o
 .bss.xDelayedTaskList1
                0x0000000020003d08       0x14 Middlewares/Third_Party/FreeRTOS/Source/tasks.o
 .bss.xDelayedTaskList2
                0x0000000020003d1c       0x14 Middlewares/Third_Party/FreeRTOS/Source/tasks.o
 .bss.xNextTaskUnblockTime
                0x0000000020003d30        0x4 Middlewares/Third_Party/FreeRTOS/Source/tasks.o
 .bss.xNumOfOverflows
                0x0000000020003d34        0x4 Middlewares/Third_Party/FreeRTOS/Source/tasks.o
 .bss.xPendingReadyList
                0x0000000020003d38       0x14 Middlewares/Third_Party/FreeRTOS/Source/tasks.o
 .bss.xSchedulerRunning
                0x0000000020003d4c        0x4 Middlewares/Third_Party/FreeRTOS/Source/tasks.o
 .bss.xSuspendedTaskList
                0x0000000020003d50       0x14 Middlewares/Third_Party/FreeRTOS/Source/tasks.o
 .bss.xTasksWaitingTermination
                0x0000000020003d64       0x14 Middlewares/Third_Party/FreeRTOS/Source/tasks.o
 .bss.xTickCount
                0x0000000020003d78        0x4 Middlewares/Third_Party/FreeRTOS/Source/tasks.o
 .bss.xYieldPending
                0x0000000020003d7c        0x4 Middlewares/Third_Party/FreeRTOS/Source/tasks.o
 .bss.valeur    0x0000000020003d80        0x1 Src/freertos.o
                0x0000000020003d80                valeur
 *fill*         0x0000000020003d81        0x3 
 .bss.xIdleStack
                0x0000000020003d84      0x200 Src/freertos.o
 .bss.xIdleTaskTCBBuffer
                0x0000000020003f84       0x54 Src/freertos.o
 .bss.sens      0x0000000020003fd8        0x4 Src/horodateur.o
                0x0000000020003fd8                sens
 *(COMMON)
 COMMON         0x0000000020003fdc        0x4 Drivers/STM32F4xx_HAL_Driver/Src/stm32f4xx_hal.o
                0x0000000020003fdc                uwTick
 COMMON         0x0000000020003fe0       0x48 Src/eth.o
                0x0000000020003fe0                heth
 COMMON         0x0000000020004028       0x28 Src/freertos.o
                0x0000000020004028                reception_I2C1
                0x000000002000402c                defaultTaskHandle
                0x0000000020004030                dizaine
                0x0000000020004034                myTaskValeurSuiHandle
                0x0000000020004038                myTaskRTCaffichHandle
                0x000000002000403c                myTaskSensReglaHandle
                0x0000000020004040                MyTaskModeHandle
                0x0000000020004044                unite
                0x0000000020004048                myTaskChampsHandle
                0x000000002000404c                transmission_I2C1
 COMMON         0x0000000020004050       0x28 Src/horodateur.o
                0x0000000020004050                heures
                0x0000000020004054                unites_secondes
                0x0000000020004058                secondes
                0x000000002000405c                unites_minutes
                0x0000000020004060                dizaine_minutes
                0x0000000020004064                dizaine_heures
                0x0000000020004068                retour
                0x000000002000406c                minutes
                0x0000000020004070                dizaine_secondes
                0x0000000020004074                unites_heures
 COMMON         0x0000000020004078       0x54 Src/i2c.o
                0x0000000020004078                hi2c1
 COMMON         0x00000000200040cc       0x40 Src/stm32f4xx_hal_timebase_tim.o
                0x00000000200040cc                htim8
 COMMON         0x000000002000410c       0x40 Src/usart.o
                0x000000002000410c                huart3
 COMMON         0x000000002000414c      0x408 Src/usb_otg.o
                0x000000002000414c                hpcd_USB_OTG_FS
                0x0000000020004554                . = ALIGN (0x4)
                0x0000000020004554                _ebss = .
                0x0000000020004554                __bss_end__ = _ebss

._user_heap_stack
                0x0000000020004554      0x600
                0x0000000020004554                . = ALIGN (0x4)
                0x0000000020004554                PROVIDE (end, .)
                [!provide]                        PROVIDE (_end, .)
                0x0000000020004754                . = (. + _Min_Heap_Size)
 *fill*         0x0000000020004554      0x200 
                0x0000000020004b54                . = (. + _Min_Stack_Size)
 *fill*         0x0000000020004754      0x400 
                0x0000000020004b54                . = ALIGN (0x4)

/DISCARD/
 libc.a(*)
 libm.a(*)
 libgcc.a(*)

.ARM.attributes
                0x0000000000000000       0x30
 *(.ARM.attributes)
 .ARM.attributes
                0x0000000000000000       0x22 /opt/Atollic_TrueSTUDIO_for_STM32_x86_64_9.3.0/ARMTools/bin/../lib/gcc/arm-atollic-eabi/6.3.1/armv7e-m/fpu/crti.o
 .ARM.attributes
                0x0000000000000022       0x34 /opt/Atollic_TrueSTUDIO_for_STM32_x86_64_9.3.0/ARMTools/bin/../lib/gcc/arm-atollic-eabi/6.3.1/armv7e-m/fpu/crtbegin.o
 .ARM.attributes
                0x0000000000000056       0x39 Drivers/STM32F4xx_HAL_Driver/Src/stm32f4xx_hal.o
 .ARM.attributes
                0x000000000000008f       0x39 Drivers/STM32F4xx_HAL_Driver/Src/stm32f4xx_hal_cortex.o
 .ARM.attributes
                0x00000000000000c8       0x39 Drivers/STM32F4xx_HAL_Driver/Src/stm32f4xx_hal_eth.o
 .ARM.attributes
                0x0000000000000101       0x39 Drivers/STM32F4xx_HAL_Driver/Src/stm32f4xx_hal_gpio.o
 .ARM.attributes
                0x000000000000013a       0x39 Drivers/STM32F4xx_HAL_Driver/Src/stm32f4xx_hal_i2c.o
 .ARM.attributes
                0x0000000000000173       0x39 Drivers/STM32F4xx_HAL_Driver/Src/stm32f4xx_hal_i2c_ex.o
 .ARM.attributes
                0x00000000000001ac       0x39 Drivers/STM32F4xx_HAL_Driver/Src/stm32f4xx_hal_pcd.o
 .ARM.attributes
                0x00000000000001e5       0x39 Drivers/STM32F4xx_HAL_Driver/Src/stm32f4xx_hal_rcc.o
 .ARM.attributes
                0x000000000000021e       0x39 Drivers/STM32F4xx_HAL_Driver/Src/stm32f4xx_hal_tim.o
 .ARM.attributes
                0x0000000000000257       0x39 Drivers/STM32F4xx_HAL_Driver/Src/stm32f4xx_hal_tim_ex.o
 .ARM.attributes
                0x0000000000000290       0x39 Drivers/STM32F4xx_HAL_Driver/Src/stm32f4xx_hal_uart.o
 .ARM.attributes
                0x00000000000002c9       0x39 Drivers/STM32F4xx_HAL_Driver/Src/stm32f4xx_ll_usb.o
 .ARM.attributes
                0x0000000000000302       0x39 Middlewares/Third_Party/FreeRTOS/Source/CMSIS_RTOS/cmsis_os.o
 .ARM.attributes
                0x000000000000033b       0x39 Middlewares/Third_Party/FreeRTOS/Source/list.o
 .ARM.attributes
                0x0000000000000374       0x39 Middlewares/Third_Party/FreeRTOS/Source/portable/GCC/ARM_CM4F/port.o
 .ARM.attributes
                0x00000000000003ad       0x39 Middlewares/Third_Party/FreeRTOS/Source/portable/MemMang/heap_4.o
 .ARM.attributes
                0x00000000000003e6       0x39 Middlewares/Third_Party/FreeRTOS/Source/tasks.o
 .ARM.attributes
                0x000000000000041f       0x39 Src/eth.o
 .ARM.attributes
                0x0000000000000458       0x39 Src/freertos.o
 .ARM.attributes
                0x0000000000000491       0x39 Src/gpio.o
 .ARM.attributes
                0x00000000000004ca       0x39 Src/horodateur.o
 .ARM.attributes
                0x0000000000000503       0x39 Src/i2c.o
 .ARM.attributes
                0x000000000000053c       0x39 Src/main.o
 .ARM.attributes
                0x0000000000000575       0x39 Src/malloc.o
 .ARM.attributes
                0x00000000000005ae       0x39 Src/stm32f4xx_hal_msp.o
 .ARM.attributes
                0x00000000000005e7       0x39 Src/stm32f4xx_hal_timebase_tim.o
 .ARM.attributes
                0x0000000000000620       0x39 Src/stm32f4xx_it.o
 .ARM.attributes
                0x0000000000000659       0x39 Src/system_stm32f4xx.o
 .ARM.attributes
                0x0000000000000692       0x39 Src/tiny_printf.o
 .ARM.attributes
                0x00000000000006cb       0x39 Src/usart.o
 .ARM.attributes
                0x0000000000000704       0x39 Src/usb_otg.o
 .ARM.attributes
                0x000000000000073d       0x21 startup/startup_stm32f429xx.o
 .ARM.attributes
                0x000000000000075e       0x34 /opt/Atollic_TrueSTUDIO_for_STM32_x86_64_9.3.0/ARMTools/bin/../lib/gcc/arm-atollic-eabi/6.3.1/../../../../arm-atollic-eabi/lib/armv7e-m/fpu/libc_nano.a(lib_a-init.o)
 .ARM.attributes
                0x0000000000000792       0x34 /opt/Atollic_TrueSTUDIO_for_STM32_x86_64_9.3.0/ARMTools/bin/../lib/gcc/arm-atollic-eabi/6.3.1/../../../../arm-atollic-eabi/lib/armv7e-m/fpu/libc_nano.a(lib_a-memset.o)
 .ARM.attributes
                0x00000000000007c6       0x1b /opt/Atollic_TrueSTUDIO_for_STM32_x86_64_9.3.0/ARMTools/bin/../lib/gcc/arm-atollic-eabi/6.3.1/../../../../arm-atollic-eabi/lib/armv7e-m/fpu/libc_nano.a(lib_a-strlen.o)
 .ARM.attributes
                0x00000000000007e1       0x22 /opt/Atollic_TrueSTUDIO_for_STM32_x86_64_9.3.0/ARMTools/bin/../lib/gcc/arm-atollic-eabi/6.3.1/armv7e-m/fpu/libgcc.a(_aeabi_uldivmod.o)
 .ARM.attributes
                0x0000000000000803       0x34 /opt/Atollic_TrueSTUDIO_for_STM32_x86_64_9.3.0/ARMTools/bin/../lib/gcc/arm-atollic-eabi/6.3.1/armv7e-m/fpu/libgcc.a(_udivmoddi4.o)
 .ARM.attributes
                0x0000000000000837       0x22 /opt/Atollic_TrueSTUDIO_for_STM32_x86_64_9.3.0/ARMTools/bin/../lib/gcc/arm-atollic-eabi/6.3.1/armv7e-m/fpu/libgcc.a(_dvmd_tls.o)
 .ARM.attributes
                0x0000000000000859       0x22 /opt/Atollic_TrueSTUDIO_for_STM32_x86_64_9.3.0/ARMTools/bin/../lib/gcc/arm-atollic-eabi/6.3.1/armv7e-m/fpu/crtn.o
OUTPUT(reglageRTCviaBoutonTactile.elf elf32-littlearm)

.debug_info     0x0000000000000000    0x22e2c
 .debug_info    0x0000000000000000      0xa3f Drivers/STM32F4xx_HAL_Driver/Src/stm32f4xx_hal.o
 .debug_info    0x0000000000000a3f      0xf71 Drivers/STM32F4xx_HAL_Driver/Src/stm32f4xx_hal_cortex.o
 .debug_info    0x00000000000019b0     0x1906 Drivers/STM32F4xx_HAL_Driver/Src/stm32f4xx_hal_eth.o
 .debug_info    0x00000000000032b6      0x78a Drivers/STM32F4xx_HAL_Driver/Src/stm32f4xx_hal_gpio.o
 .debug_info    0x0000000000003a40     0x328a Drivers/STM32F4xx_HAL_Driver/Src/stm32f4xx_hal_i2c.o
 .debug_info    0x0000000000006cca      0x6ce Drivers/STM32F4xx_HAL_Driver/Src/stm32f4xx_hal_i2c_ex.o
 .debug_info    0x0000000000007398     0x1765 Drivers/STM32F4xx_HAL_Driver/Src/stm32f4xx_hal_pcd.o
 .debug_info    0x0000000000008afd      0xa53 Drivers/STM32F4xx_HAL_Driver/Src/stm32f4xx_hal_rcc.o
 .debug_info    0x0000000000009550     0x3184 Drivers/STM32F4xx_HAL_Driver/Src/stm32f4xx_hal_tim.o
 .debug_info    0x000000000000c6d4     0x1496 Drivers/STM32F4xx_HAL_Driver/Src/stm32f4xx_hal_tim_ex.o
 .debug_info    0x000000000000db6a     0x172f Drivers/STM32F4xx_HAL_Driver/Src/stm32f4xx_hal_uart.o
 .debug_info    0x000000000000f299     0x1b11 Drivers/STM32F4xx_HAL_Driver/Src/stm32f4xx_ll_usb.o
 .debug_info    0x0000000000010daa     0x271f Middlewares/Third_Party/FreeRTOS/Source/CMSIS_RTOS/cmsis_os.o
 .debug_info    0x00000000000134c9      0xac5 Middlewares/Third_Party/FreeRTOS/Source/list.o
 .debug_info    0x0000000000013f8e      0x572 Middlewares/Third_Party/FreeRTOS/Source/portable/GCC/ARM_CM4F/port.o
 .debug_info    0x0000000000014500      0xc64 Middlewares/Third_Party/FreeRTOS/Source/portable/MemMang/heap_4.o
 .debug_info    0x0000000000015164     0x2cf5 Middlewares/Third_Party/FreeRTOS/Source/tasks.o
 .debug_info    0x0000000000017e59      0xd2e Src/eth.o
 .debug_info    0x0000000000018b87     0x1875 Src/freertos.o
 .debug_info    0x000000000001a3fc      0x5ae Src/gpio.o
 .debug_info    0x000000000001a9aa     0x12ba Src/horodateur.o
 .debug_info    0x000000000001bc64      0xa9b Src/i2c.o
 .debug_info    0x000000000001c6ff     0x1cc9 Src/main.o
 .debug_info    0x000000000001e3c8      0x9c0 Src/malloc.o
 .debug_info    0x000000000001ed88      0x5b4 Src/stm32f4xx_hal_msp.o
 .debug_info    0x000000000001f33c      0xbfc Src/stm32f4xx_hal_timebase_tim.o
 .debug_info    0x000000000001ff38      0x686 Src/stm32f4xx_it.o
 .debug_info    0x00000000000205be      0x524 Src/system_stm32f4xx.o
 .debug_info    0x0000000000020ae2      0xf71 Src/tiny_printf.o
 .debug_info    0x0000000000021a53      0x99c Src/usart.o
 .debug_info    0x00000000000223ef      0x9ab Src/usb_otg.o
 .debug_info    0x0000000000022d9a       0x92 startup/startup_stm32f429xx.o

.debug_abbrev   0x0000000000000000     0x44d4
 .debug_abbrev  0x0000000000000000      0x1ec Drivers/STM32F4xx_HAL_Driver/Src/stm32f4xx_hal.o
 .debug_abbrev  0x00000000000001ec      0x323 Drivers/STM32F4xx_HAL_Driver/Src/stm32f4xx_hal_cortex.o
 .debug_abbrev  0x000000000000050f      0x278 Drivers/STM32F4xx_HAL_Driver/Src/stm32f4xx_hal_eth.o
 .debug_abbrev  0x0000000000000787      0x1e2 Drivers/STM32F4xx_HAL_Driver/Src/stm32f4xx_hal_gpio.o
 .debug_abbrev  0x0000000000000969      0x27f Drivers/STM32F4xx_HAL_Driver/Src/stm32f4xx_hal_i2c.o
 .debug_abbrev  0x0000000000000be8      0x168 Drivers/STM32F4xx_HAL_Driver/Src/stm32f4xx_hal_i2c_ex.o
 .debug_abbrev  0x0000000000000d50      0x28f Drivers/STM32F4xx_HAL_Driver/Src/stm32f4xx_hal_pcd.o
 .debug_abbrev  0x0000000000000fdf      0x26e Drivers/STM32F4xx_HAL_Driver/Src/stm32f4xx_hal_rcc.o
 .debug_abbrev  0x000000000000124d      0x21f Drivers/STM32F4xx_HAL_Driver/Src/stm32f4xx_hal_tim.o
 .debug_abbrev  0x000000000000146c      0x230 Drivers/STM32F4xx_HAL_Driver/Src/stm32f4xx_hal_tim_ex.o
 .debug_abbrev  0x000000000000169c      0x26b Drivers/STM32F4xx_HAL_Driver/Src/stm32f4xx_hal_uart.o
 .debug_abbrev  0x0000000000001907      0x2ab Drivers/STM32F4xx_HAL_Driver/Src/stm32f4xx_ll_usb.o
 .debug_abbrev  0x0000000000001bb2      0x3af Middlewares/Third_Party/FreeRTOS/Source/CMSIS_RTOS/cmsis_os.o
 .debug_abbrev  0x0000000000001f61      0x1ea Middlewares/Third_Party/FreeRTOS/Source/list.o
 .debug_abbrev  0x000000000000214b      0x23a Middlewares/Third_Party/FreeRTOS/Source/portable/GCC/ARM_CM4F/port.o
 .debug_abbrev  0x0000000000002385      0x2df Middlewares/Third_Party/FreeRTOS/Source/portable/MemMang/heap_4.o
 .debug_abbrev  0x0000000000002664      0x376 Middlewares/Third_Party/FreeRTOS/Source/tasks.o
 .debug_abbrev  0x00000000000029da      0x1d2 Src/eth.o
 .debug_abbrev  0x0000000000002bac      0x297 Src/freertos.o
 .debug_abbrev  0x0000000000002e43      0x15d Src/gpio.o
 .debug_abbrev  0x0000000000002fa0      0x254 Src/horodateur.o
 .debug_abbrev  0x00000000000031f4      0x1c4 Src/i2c.o
 .debug_abbrev  0x00000000000033b8      0x2d6 Src/main.o
 .debug_abbrev  0x000000000000368e      0x1fe Src/malloc.o
 .debug_abbrev  0x000000000000388c      0x12e Src/stm32f4xx_hal_msp.o
 .debug_abbrev  0x00000000000039ba      0x1e9 Src/stm32f4xx_hal_timebase_tim.o
 .debug_abbrev  0x0000000000003ba3      0x171 Src/stm32f4xx_it.o
 .debug_abbrev  0x0000000000003d14      0x10e Src/system_stm32f4xx.o
 .debug_abbrev  0x0000000000003e22      0x310 Src/tiny_printf.o
 .debug_abbrev  0x0000000000004132      0x1c4 Src/usart.o
 .debug_abbrev  0x00000000000042f6      0x1cc Src/usb_otg.o
 .debug_abbrev  0x00000000000044c2       0x12 startup/startup_stm32f429xx.o

.debug_loc      0x0000000000000000    0x11bfe
 .debug_loc     0x0000000000000000      0x108 Drivers/STM32F4xx_HAL_Driver/Src/stm32f4xx_hal.o
 .debug_loc     0x0000000000000108      0x616 Drivers/STM32F4xx_HAL_Driver/Src/stm32f4xx_hal_cortex.o
 .debug_loc     0x000000000000071e      0xd0c Drivers/STM32F4xx_HAL_Driver/Src/stm32f4xx_hal_eth.o
 .debug_loc     0x000000000000142a      0x3d5 Drivers/STM32F4xx_HAL_Driver/Src/stm32f4xx_hal_gpio.o
 .debug_loc     0x00000000000017ff     0x366d Drivers/STM32F4xx_HAL_Driver/Src/stm32f4xx_hal_i2c.o
 .debug_loc     0x0000000000004e6c       0xe0 Drivers/STM32F4xx_HAL_Driver/Src/stm32f4xx_hal_i2c_ex.o
 .debug_loc     0x0000000000004f4c      0xf73 Drivers/STM32F4xx_HAL_Driver/Src/stm32f4xx_hal_pcd.o
 .debug_loc     0x0000000000005ebf      0x3e6 Drivers/STM32F4xx_HAL_Driver/Src/stm32f4xx_hal_rcc.o
 .debug_loc     0x00000000000062a5     0x382f Drivers/STM32F4xx_HAL_Driver/Src/stm32f4xx_hal_tim.o
 .debug_loc     0x0000000000009ad4     0x11fc Drivers/STM32F4xx_HAL_Driver/Src/stm32f4xx_hal_tim_ex.o
 .debug_loc     0x000000000000acd0     0x1547 Drivers/STM32F4xx_HAL_Driver/Src/stm32f4xx_hal_uart.o
 .debug_loc     0x000000000000c217     0x1e3b Drivers/STM32F4xx_HAL_Driver/Src/stm32f4xx_ll_usb.o
 .debug_loc     0x000000000000e052     0x1088 Middlewares/Third_Party/FreeRTOS/Source/CMSIS_RTOS/cmsis_os.o
 .debug_loc     0x000000000000f0da       0x70 Middlewares/Third_Party/FreeRTOS/Source/list.o
 .debug_loc     0x000000000000f14a       0xdc Middlewares/Third_Party/FreeRTOS/Source/portable/GCC/ARM_CM4F/port.o
 .debug_loc     0x000000000000f226      0x2a0 Middlewares/Third_Party/FreeRTOS/Source/portable/MemMang/heap_4.o
 .debug_loc     0x000000000000f4c6     0x1793 Middlewares/Third_Party/FreeRTOS/Source/tasks.o
 .debug_loc     0x0000000000010c59       0x74 Src/eth.o
 .debug_loc     0x0000000000010ccd      0x26e Src/freertos.o
 .debug_loc     0x0000000000010f3b      0x288 Src/horodateur.o
 .debug_loc     0x00000000000111c3       0x74 Src/i2c.o
 .debug_loc     0x0000000000011237       0xe1 Src/main.o
 .debug_loc     0x0000000000011318       0x94 Src/malloc.o
 .debug_loc     0x00000000000113ac       0x6a Src/stm32f4xx_hal_timebase_tim.o
 .debug_loc     0x0000000000011416      0x13e Src/system_stm32f4xx.o
 .debug_loc     0x0000000000011554      0x5c2 Src/tiny_printf.o
 .debug_loc     0x0000000000011b16       0x74 Src/usart.o
 .debug_loc     0x0000000000011b8a       0x74 Src/usb_otg.o

.debug_aranges  0x0000000000000000     0x17b8
 .debug_aranges
                0x0000000000000000      0x100 Drivers/STM32F4xx_HAL_Driver/Src/stm32f4xx_hal.o
 .debug_aranges
                0x0000000000000100       0xa8 Drivers/STM32F4xx_HAL_Driver/Src/stm32f4xx_hal_cortex.o
 .debug_aranges
                0x00000000000001a8      0x118 Drivers/STM32F4xx_HAL_Driver/Src/stm32f4xx_hal_eth.o
 .debug_aranges
                0x00000000000002c0       0x58 Drivers/STM32F4xx_HAL_Driver/Src/stm32f4xx_hal_gpio.o
 .debug_aranges
                0x0000000000000318      0x290 Drivers/STM32F4xx_HAL_Driver/Src/stm32f4xx_hal_i2c.o
 .debug_aranges
                0x00000000000005a8       0x28 Drivers/STM32F4xx_HAL_Driver/Src/stm32f4xx_hal_i2c_ex.o
 .debug_aranges
                0x00000000000005d0      0x130 Drivers/STM32F4xx_HAL_Driver/Src/stm32f4xx_hal_pcd.o
 .debug_aranges
                0x0000000000000700       0x88 Drivers/STM32F4xx_HAL_Driver/Src/stm32f4xx_hal_rcc.o
 .debug_aranges
                0x0000000000000788      0x3a8 Drivers/STM32F4xx_HAL_Driver/Src/stm32f4xx_hal_tim.o
 .debug_aranges
                0x0000000000000b30      0x150 Drivers/STM32F4xx_HAL_Driver/Src/stm32f4xx_hal_tim_ex.o
 .debug_aranges
                0x0000000000000c80      0x1d0 Drivers/STM32F4xx_HAL_Driver/Src/stm32f4xx_hal_uart.o
 .debug_aranges
                0x0000000000000e50      0x198 Drivers/STM32F4xx_HAL_Driver/Src/stm32f4xx_ll_usb.o
 .debug_aranges
                0x0000000000000fe8      0x1d8 Middlewares/Third_Party/FreeRTOS/Source/CMSIS_RTOS/cmsis_os.o
 .debug_aranges
                0x00000000000011c0       0x40 Middlewares/Third_Party/FreeRTOS/Source/list.o
 .debug_aranges
                0x0000000000001200       0x80 Middlewares/Third_Party/FreeRTOS/Source/portable/GCC/ARM_CM4F/port.o
 .debug_aranges
                0x0000000000001280       0x50 Middlewares/Third_Party/FreeRTOS/Source/portable/MemMang/heap_4.o
 .debug_aranges
                0x00000000000012d0      0x1a8 Middlewares/Third_Party/FreeRTOS/Source/tasks.o
 .debug_aranges
                0x0000000000001478       0x30 Src/eth.o
 .debug_aranges
                0x00000000000014a8       0x58 Src/freertos.o
 .debug_aranges
                0x0000000000001500       0x20 Src/gpio.o
 .debug_aranges
                0x0000000000001520       0x48 Src/horodateur.o
 .debug_aranges
                0x0000000000001568       0x30 Src/i2c.o
 .debug_aranges
                0x0000000000001598       0x40 Src/main.o
 .debug_aranges
                0x00000000000015d8       0x30 Src/malloc.o
 .debug_aranges
                0x0000000000001608       0x20 Src/stm32f4xx_hal_msp.o
 .debug_aranges
                0x0000000000001628       0x30 Src/stm32f4xx_hal_timebase_tim.o
 .debug_aranges
                0x0000000000001658       0x50 Src/stm32f4xx_it.o
 .debug_aranges
                0x00000000000016a8       0x28 Src/system_stm32f4xx.o
 .debug_aranges
                0x00000000000016d0       0x60 Src/tiny_printf.o
 .debug_aranges
                0x0000000000001730       0x30 Src/usart.o
 .debug_aranges
                0x0000000000001760       0x30 Src/usb_otg.o
 .debug_aranges
                0x0000000000001790       0x28 startup/startup_stm32f429xx.o

.debug_ranges   0x0000000000000000     0x1760
 .debug_ranges  0x0000000000000000       0xf0 Drivers/STM32F4xx_HAL_Driver/Src/stm32f4xx_hal.o
 .debug_ranges  0x00000000000000f0       0xf8 Drivers/STM32F4xx_HAL_Driver/Src/stm32f4xx_hal_cortex.o
 .debug_ranges  0x00000000000001e8      0x108 Drivers/STM32F4xx_HAL_Driver/Src/stm32f4xx_hal_eth.o
 .debug_ranges  0x00000000000002f0       0x48 Drivers/STM32F4xx_HAL_Driver/Src/stm32f4xx_hal_gpio.o
 .debug_ranges  0x0000000000000338      0x298 Drivers/STM32F4xx_HAL_Driver/Src/stm32f4xx_hal_i2c.o
 .debug_ranges  0x00000000000005d0       0x18 Drivers/STM32F4xx_HAL_Driver/Src/stm32f4xx_hal_i2c_ex.o
 .debug_ranges  0x00000000000005e8      0x120 Drivers/STM32F4xx_HAL_Driver/Src/stm32f4xx_hal_pcd.o
 .debug_ranges  0x0000000000000708       0x90 Drivers/STM32F4xx_HAL_Driver/Src/stm32f4xx_hal_rcc.o
 .debug_ranges  0x0000000000000798      0x398 Drivers/STM32F4xx_HAL_Driver/Src/stm32f4xx_hal_tim.o
 .debug_ranges  0x0000000000000b30      0x140 Drivers/STM32F4xx_HAL_Driver/Src/stm32f4xx_hal_tim_ex.o
 .debug_ranges  0x0000000000000c70      0x1c0 Drivers/STM32F4xx_HAL_Driver/Src/stm32f4xx_hal_uart.o
 .debug_ranges  0x0000000000000e30      0x188 Drivers/STM32F4xx_HAL_Driver/Src/stm32f4xx_ll_usb.o
 .debug_ranges  0x0000000000000fb8      0x1c8 Middlewares/Third_Party/FreeRTOS/Source/CMSIS_RTOS/cmsis_os.o
 .debug_ranges  0x0000000000001180       0x30 Middlewares/Third_Party/FreeRTOS/Source/list.o
 .debug_ranges  0x00000000000011b0       0x70 Middlewares/Third_Party/FreeRTOS/Source/portable/GCC/ARM_CM4F/port.o
 .debug_ranges  0x0000000000001220       0x40 Middlewares/Third_Party/FreeRTOS/Source/portable/MemMang/heap_4.o
 .debug_ranges  0x0000000000001260      0x248 Middlewares/Third_Party/FreeRTOS/Source/tasks.o
 .debug_ranges  0x00000000000014a8       0x20 Src/eth.o
 .debug_ranges  0x00000000000014c8       0x60 Src/freertos.o
 .debug_ranges  0x0000000000001528       0x10 Src/gpio.o
 .debug_ranges  0x0000000000001538       0x38 Src/horodateur.o
 .debug_ranges  0x0000000000001570       0x20 Src/i2c.o
 .debug_ranges  0x0000000000001590       0x48 Src/main.o
 .debug_ranges  0x00000000000015d8       0x20 Src/malloc.o
 .debug_ranges  0x00000000000015f8       0x10 Src/stm32f4xx_hal_msp.o
 .debug_ranges  0x0000000000001608       0x20 Src/stm32f4xx_hal_timebase_tim.o
 .debug_ranges  0x0000000000001628       0x40 Src/stm32f4xx_it.o
 .debug_ranges  0x0000000000001668       0x18 Src/system_stm32f4xx.o
 .debug_ranges  0x0000000000001680       0x80 Src/tiny_printf.o
 .debug_ranges  0x0000000000001700       0x20 Src/usart.o
 .debug_ranges  0x0000000000001720       0x20 Src/usb_otg.o
 .debug_ranges  0x0000000000001740       0x20 startup/startup_stm32f429xx.o

.debug_line     0x0000000000000000     0xb284
 .debug_line    0x0000000000000000      0x430 Drivers/STM32F4xx_HAL_Driver/Src/stm32f4xx_hal.o
 .debug_line    0x0000000000000430      0x429 Drivers/STM32F4xx_HAL_Driver/Src/stm32f4xx_hal_cortex.o
 .debug_line    0x0000000000000859      0x8c5 Drivers/STM32F4xx_HAL_Driver/Src/stm32f4xx_hal_eth.o
 .debug_line    0x000000000000111e      0x3a5 Drivers/STM32F4xx_HAL_Driver/Src/stm32f4xx_hal_gpio.o
 .debug_line    0x00000000000014c3     0x17b1 Drivers/STM32F4xx_HAL_Driver/Src/stm32f4xx_hal_i2c.o
 .debug_line    0x0000000000002c74      0x24c Drivers/STM32F4xx_HAL_Driver/Src/stm32f4xx_hal_i2c_ex.o
 .debug_line    0x0000000000002ec0      0x7e5 Drivers/STM32F4xx_HAL_Driver/Src/stm32f4xx_hal_pcd.o
 .debug_line    0x00000000000036a5      0x4a9 Drivers/STM32F4xx_HAL_Driver/Src/stm32f4xx_hal_rcc.o
 .debug_line    0x0000000000003b4e     0x1493 Drivers/STM32F4xx_HAL_Driver/Src/stm32f4xx_hal_tim.o
 .debug_line    0x0000000000004fe1      0x854 Drivers/STM32F4xx_HAL_Driver/Src/stm32f4xx_hal_tim_ex.o
 .debug_line    0x0000000000005835      0xb79 Drivers/STM32F4xx_HAL_Driver/Src/stm32f4xx_hal_uart.o
 .debug_line    0x00000000000063ae      0x8e6 Drivers/STM32F4xx_HAL_Driver/Src/stm32f4xx_ll_usb.o
 .debug_line    0x0000000000006c94      0x929 Middlewares/Third_Party/FreeRTOS/Source/CMSIS_RTOS/cmsis_os.o
 .debug_line    0x00000000000075bd      0x337 Middlewares/Third_Party/FreeRTOS/Source/list.o
 .debug_line    0x00000000000078f4      0x346 Middlewares/Third_Party/FreeRTOS/Source/portable/GCC/ARM_CM4F/port.o
 .debug_line    0x0000000000007c3a      0x3df Middlewares/Third_Party/FreeRTOS/Source/portable/MemMang/heap_4.o
 .debug_line    0x0000000000008019      0xc24 Middlewares/Third_Party/FreeRTOS/Source/tasks.o
 .debug_line    0x0000000000008c3d      0x26a Src/eth.o
 .debug_line    0x0000000000008ea7      0x4e3 Src/freertos.o
 .debug_line    0x000000000000938a      0x1e3 Src/gpio.o
 .debug_line    0x000000000000956d      0x3b4 Src/horodateur.o
 .debug_line    0x0000000000009921      0x280 Src/i2c.o
 .debug_line    0x0000000000009ba1      0x3b5 Src/main.o
 .debug_line    0x0000000000009f56      0x277 Src/malloc.o
 .debug_line    0x000000000000a1cd      0x1d7 Src/stm32f4xx_hal_msp.o
 .debug_line    0x000000000000a3a4      0x268 Src/stm32f4xx_hal_timebase_tim.o
 .debug_line    0x000000000000a60c      0x25b Src/stm32f4xx_it.o
 .debug_line    0x000000000000a867      0x1c7 Src/system_stm32f4xx.o
 .debug_line    0x000000000000aa2e      0x2f7 Src/tiny_printf.o
 .debug_line    0x000000000000ad25      0x264 Src/usart.o
 .debug_line    0x000000000000af89      0x27c Src/usb_otg.o
 .debug_line    0x000000000000b205       0x7f startup/startup_stm32f429xx.o

.debug_str      0x0000000000000000     0x7f91
 .debug_str     0x0000000000000000      0xc18 Drivers/STM32F4xx_HAL_Driver/Src/stm32f4xx_hal.o
                                        0xc81 (size before relaxing)
 .debug_str     0x0000000000000c18      0x493 Drivers/STM32F4xx_HAL_Driver/Src/stm32f4xx_hal_cortex.o
                                        0xcfe (size before relaxing)
 .debug_str     0x00000000000010ab      0xbb2 Drivers/STM32F4xx_HAL_Driver/Src/stm32f4xx_hal_eth.o
                                        0xf89 (size before relaxing)
 .debug_str     0x0000000000001c5d      0x19a Drivers/STM32F4xx_HAL_Driver/Src/stm32f4xx_hal_gpio.o
                                        0x573 (size before relaxing)
 .debug_str     0x0000000000001df7      0xd09 Drivers/STM32F4xx_HAL_Driver/Src/stm32f4xx_hal_i2c.o
                                       0x1072 (size before relaxing)
 .debug_str     0x0000000000002b00       0x76 Drivers/STM32F4xx_HAL_Driver/Src/stm32f4xx_hal_i2c_ex.o
                                        0x7eb (size before relaxing)
 .debug_str     0x0000000000002b76      0xab9 Drivers/STM32F4xx_HAL_Driver/Src/stm32f4xx_hal_pcd.o
                                        0xda6 (size before relaxing)
 .debug_str     0x000000000000362f      0x2b5 Drivers/STM32F4xx_HAL_Driver/Src/stm32f4xx_hal_rcc.o
                                        0x746 (size before relaxing)
 .debug_str     0x00000000000038e4      0xfdc Drivers/STM32F4xx_HAL_Driver/Src/stm32f4xx_hal_tim.o
                                       0x153d (size before relaxing)
 .debug_str     0x00000000000048c0      0x548 Drivers/STM32F4xx_HAL_Driver/Src/stm32f4xx_hal_tim_ex.o
                                        0xd55 (size before relaxing)
 .debug_str     0x0000000000004e08      0x6c9 Drivers/STM32F4xx_HAL_Driver/Src/stm32f4xx_hal_uart.o
                                        0xc88 (size before relaxing)
 .debug_str     0x00000000000054d1      0x42f Drivers/STM32F4xx_HAL_Driver/Src/stm32f4xx_ll_usb.o
                                        0xcbc (size before relaxing)
 .debug_str     0x0000000000005900     0x114b Middlewares/Third_Party/FreeRTOS/Source/CMSIS_RTOS/cmsis_os.o
                                       0x1464 (size before relaxing)
 .debug_str     0x0000000000006a4b      0x143 Middlewares/Third_Party/FreeRTOS/Source/list.o
                                        0x76d (size before relaxing)
 .debug_str     0x0000000000006b8e      0x239 Middlewares/Third_Party/FreeRTOS/Source/portable/GCC/ARM_CM4F/port.o
                                        0x4b3 (size before relaxing)
 .debug_str     0x0000000000006dc7      0x1e8 Middlewares/Third_Party/FreeRTOS/Source/portable/MemMang/heap_4.o
                                        0x856 (size before relaxing)
 .debug_str     0x0000000000006faf      0x8f9 Middlewares/Third_Party/FreeRTOS/Source/tasks.o
                                       0x1441 (size before relaxing)
 .debug_str     0x00000000000078a8       0x31 Src/eth.o
                                        0x8e8 (size before relaxing)
 .debug_str     0x00000000000078d9      0x2f0 Src/freertos.o
                                       0x1136 (size before relaxing)
 .debug_str     0x0000000000007bc9       0x1b Src/gpio.o
                                        0x40c (size before relaxing)
 .debug_str     0x0000000000007be4       0x7c Src/horodateur.o
                                        0xcb7 (size before relaxing)
 .debug_str     0x0000000000007c60       0x24 Src/i2c.o
                                        0x97a (size before relaxing)
 .debug_str     0x0000000000007c84       0xcb Src/main.o
                                       0x15fc (size before relaxing)
 .debug_str     0x0000000000007d4f       0x29 Src/malloc.o
                                        0x64f (size before relaxing)
 .debug_str     0x0000000000007d78       0x1b Src/stm32f4xx_hal_msp.o
                                        0x8c2 (size before relaxing)
 .debug_str     0x0000000000007d93       0x50 Src/stm32f4xx_hal_timebase_tim.o
                                        0xe42 (size before relaxing)
 .debug_str     0x0000000000007de3       0x94 Src/stm32f4xx_it.o
                                        0x6ef (size before relaxing)
 .debug_str     0x0000000000007e77       0x45 Src/system_stm32f4xx.o
                                        0x3d7 (size before relaxing)
 .debug_str     0x0000000000007ebc       0xa0 Src/tiny_printf.o
                                        0x6bc (size before relaxing)
 .debug_str     0x0000000000007f5c       0x1a Src/usart.o
                                        0x865 (size before relaxing)
 .debug_str     0x0000000000007f76       0x1b Src/usb_otg.o
                                        0x806 (size before relaxing)

.comment        0x0000000000000000       0x7c
 .comment       0x0000000000000000       0x7c Drivers/STM32F4xx_HAL_Driver/Src/stm32f4xx_hal.o
                                         0x7d (size before relaxing)
 .comment       0x000000000000007c       0x7d Drivers/STM32F4xx_HAL_Driver/Src/stm32f4xx_hal_cortex.o
 .comment       0x000000000000007c       0x7d Drivers/STM32F4xx_HAL_Driver/Src/stm32f4xx_hal_eth.o
 .comment       0x000000000000007c       0x7d Drivers/STM32F4xx_HAL_Driver/Src/stm32f4xx_hal_gpio.o
 .comment       0x000000000000007c       0x7d Drivers/STM32F4xx_HAL_Driver/Src/stm32f4xx_hal_i2c.o
 .comment       0x000000000000007c       0x7d Drivers/STM32F4xx_HAL_Driver/Src/stm32f4xx_hal_i2c_ex.o
 .comment       0x000000000000007c       0x7d Drivers/STM32F4xx_HAL_Driver/Src/stm32f4xx_hal_pcd.o
 .comment       0x000000000000007c       0x7d Drivers/STM32F4xx_HAL_Driver/Src/stm32f4xx_hal_rcc.o
 .comment       0x000000000000007c       0x7d Drivers/STM32F4xx_HAL_Driver/Src/stm32f4xx_hal_tim.o
 .comment       0x000000000000007c       0x7d Drivers/STM32F4xx_HAL_Driver/Src/stm32f4xx_hal_tim_ex.o
 .comment       0x000000000000007c       0x7d Drivers/STM32F4xx_HAL_Driver/Src/stm32f4xx_hal_uart.o
 .comment       0x000000000000007c       0x7d Drivers/STM32F4xx_HAL_Driver/Src/stm32f4xx_ll_usb.o
 .comment       0x000000000000007c       0x7d Middlewares/Third_Party/FreeRTOS/Source/CMSIS_RTOS/cmsis_os.o
 .comment       0x000000000000007c       0x7d Middlewares/Third_Party/FreeRTOS/Source/list.o
 .comment       0x000000000000007c       0x7d Middlewares/Third_Party/FreeRTOS/Source/portable/GCC/ARM_CM4F/port.o
 .comment       0x000000000000007c       0x7d Middlewares/Third_Party/FreeRTOS/Source/portable/MemMang/heap_4.o
 .comment       0x000000000000007c       0x7d Middlewares/Third_Party/FreeRTOS/Source/tasks.o
 .comment       0x000000000000007c       0x7d Src/eth.o
 .comment       0x000000000000007c       0x7d Src/freertos.o
 .comment       0x000000000000007c       0x7d Src/gpio.o
 .comment       0x000000000000007c       0x7d Src/horodateur.o
 .comment       0x000000000000007c       0x7d Src/i2c.o
 .comment       0x000000000000007c       0x7d Src/main.o
 .comment       0x000000000000007c       0x7d Src/malloc.o
 .comment       0x000000000000007c       0x7d Src/stm32f4xx_hal_msp.o
 .comment       0x000000000000007c       0x7d Src/stm32f4xx_hal_timebase_tim.o
 .comment       0x000000000000007c       0x7d Src/stm32f4xx_it.o
 .comment       0x000000000000007c       0x7d Src/system_stm32f4xx.o
 .comment       0x000000000000007c       0x7d Src/tiny_printf.o
 .comment       0x000000000000007c       0x7d Src/usart.o
 .comment       0x000000000000007c       0x7d Src/usb_otg.o

.debug_frame    0x0000000000000000     0x41a4
 .debug_frame   0x0000000000000000      0x20c Drivers/STM32F4xx_HAL_Driver/Src/stm32f4xx_hal.o
 .debug_frame   0x000000000000020c      0x15c Drivers/STM32F4xx_HAL_Driver/Src/stm32f4xx_hal_cortex.o
 .debug_frame   0x0000000000000368      0x34c Drivers/STM32F4xx_HAL_Driver/Src/stm32f4xx_hal_eth.o
 .debug_frame   0x00000000000006b4       0xd0 Drivers/STM32F4xx_HAL_Driver/Src/stm32f4xx_hal_gpio.o
 .debug_frame   0x0000000000000784      0x8ec Drivers/STM32F4xx_HAL_Driver/Src/stm32f4xx_hal_i2c.o
 .debug_frame   0x0000000000001070       0x30 Drivers/STM32F4xx_HAL_Driver/Src/stm32f4xx_hal_i2c_ex.o
 .debug_frame   0x00000000000010a0      0x350 Drivers/STM32F4xx_HAL_Driver/Src/stm32f4xx_hal_pcd.o
 .debug_frame   0x00000000000013f0      0x174 Drivers/STM32F4xx_HAL_Driver/Src/stm32f4xx_hal_rcc.o
 .debug_frame   0x0000000000001564      0xa88 Drivers/STM32F4xx_HAL_Driver/Src/stm32f4xx_hal_tim.o
 .debug_frame   0x0000000000001fec      0x3b8 Drivers/STM32F4xx_HAL_Driver/Src/stm32f4xx_hal_tim_ex.o
 .debug_frame   0x00000000000023a4      0x4e8 Drivers/STM32F4xx_HAL_Driver/Src/stm32f4xx_hal_uart.o
 .debug_frame   0x000000000000288c      0x49c Drivers/STM32F4xx_HAL_Driver/Src/stm32f4xx_ll_usb.o
 .debug_frame   0x0000000000002d28      0x598 Middlewares/Third_Party/FreeRTOS/Source/CMSIS_RTOS/cmsis_os.o
 .debug_frame   0x00000000000032c0       0x6c Middlewares/Third_Party/FreeRTOS/Source/list.o
 .debug_frame   0x000000000000332c      0x100 Middlewares/Third_Party/FreeRTOS/Source/portable/GCC/ARM_CM4F/port.o
 .debug_frame   0x000000000000342c       0xac Middlewares/Third_Party/FreeRTOS/Source/portable/MemMang/heap_4.o
 .debug_frame   0x00000000000034d8      0x534 Middlewares/Third_Party/FreeRTOS/Source/tasks.o
 .debug_frame   0x0000000000003a0c       0x70 Src/eth.o
 .debug_frame   0x0000000000003a7c       0xe0 Src/freertos.o
 .debug_frame   0x0000000000003b5c       0x38 Src/gpio.o
 .debug_frame   0x0000000000003b94       0xac Src/horodateur.o
 .debug_frame   0x0000000000003c40       0x64 Src/i2c.o
 .debug_frame   0x0000000000003ca4       0x8c Src/main.o
 .debug_frame   0x0000000000003d30       0x58 Src/malloc.o
 .debug_frame   0x0000000000003d88       0x2c Src/stm32f4xx_hal_msp.o
 .debug_frame   0x0000000000003db4       0x50 Src/stm32f4xx_hal_timebase_tim.o
 .debug_frame   0x0000000000003e04       0x88 Src/stm32f4xx_it.o
 .debug_frame   0x0000000000003e8c       0x30 Src/system_stm32f4xx.o
 .debug_frame   0x0000000000003ebc      0x178 Src/tiny_printf.o
 .debug_frame   0x0000000000004034       0x60 Src/usart.o
 .debug_frame   0x0000000000004094       0x64 Src/usb_otg.o
 .debug_frame   0x00000000000040f8       0x2c /opt/Atollic_TrueSTUDIO_for_STM32_x86_64_9.3.0/ARMTools/bin/../lib/gcc/arm-atollic-eabi/6.3.1/../../../../arm-atollic-eabi/lib/armv7e-m/fpu/libc_nano.a(lib_a-init.o)
 .debug_frame   0x0000000000004124       0x20 /opt/Atollic_TrueSTUDIO_for_STM32_x86_64_9.3.0/ARMTools/bin/../lib/gcc/arm-atollic-eabi/6.3.1/../../../../arm-atollic-eabi/lib/armv7e-m/fpu/libc_nano.a(lib_a-memset.o)
 .debug_frame   0x0000000000004144       0x2c /opt/Atollic_TrueSTUDIO_for_STM32_x86_64_9.3.0/ARMTools/bin/../lib/gcc/arm-atollic-eabi/6.3.1/armv7e-m/fpu/libgcc.a(_aeabi_uldivmod.o)
 .debug_frame   0x0000000000004170       0x34 /opt/Atollic_TrueSTUDIO_for_STM32_x86_64_9.3.0/ARMTools/bin/../lib/gcc/arm-atollic-eabi/6.3.1/armv7e-m/fpu/libgcc.a(_udivmoddi4.o)
